Archive member included to satisfy reference by file (symbol)

E:/STM32CubeIDE_1.18.1/STM32CubeIDE/plugins/com.st.stm32cube.ide.mcu.externaltools.gnu-tools-for-stm32.13.3.rel1.win32_1.0.0.202411081344/tools/bin/../lib/gcc/arm-none-eabi/13.3.1/../../../../arm-none-eabi/lib/thumb/v7-m/nofp\libc_nano.a(libc_a-exit.o)
                              E:/STM32CubeIDE_1.18.1/STM32CubeIDE/plugins/com.st.stm32cube.ide.mcu.externaltools.gnu-tools-for-stm32.13.3.rel1.win32_1.0.0.202411081344/tools/bin/../lib/gcc/arm-none-eabi/13.3.1/../../../../arm-none-eabi/lib/thumb/v7-m/nofp/crt0.o (exit)
E:/STM32CubeIDE_1.18.1/STM32CubeIDE/plugins/com.st.stm32cube.ide.mcu.externaltools.gnu-tools-for-stm32.13.3.rel1.win32_1.0.0.202411081344/tools/bin/../lib/gcc/arm-none-eabi/13.3.1/../../../../arm-none-eabi/lib/thumb/v7-m/nofp\libc_nano.a(libc_a-malloc.o)
                              ./Core/Src/TFTc/TFT_io.o (malloc)
E:/STM32CubeIDE_1.18.1/STM32CubeIDE/plugins/com.st.stm32cube.ide.mcu.externaltools.gnu-tools-for-stm32.13.3.rel1.win32_1.0.0.202411081344/tools/bin/../lib/gcc/arm-none-eabi/13.3.1/../../../../arm-none-eabi/lib/thumb/v7-m/nofp\libc_nano.a(libc_a-mallocr.o)
                              E:/STM32CubeIDE_1.18.1/STM32CubeIDE/plugins/com.st.stm32cube.ide.mcu.externaltools.gnu-tools-for-stm32.13.3.rel1.win32_1.0.0.202411081344/tools/bin/../lib/gcc/arm-none-eabi/13.3.1/../../../../arm-none-eabi/lib/thumb/v7-m/nofp\libc_nano.a(libc_a-malloc.o) (_malloc_r)
E:/STM32CubeIDE_1.18.1/STM32CubeIDE/plugins/com.st.stm32cube.ide.mcu.externaltools.gnu-tools-for-stm32.13.3.rel1.win32_1.0.0.202411081344/tools/bin/../lib/gcc/arm-none-eabi/13.3.1/../../../../arm-none-eabi/lib/thumb/v7-m/nofp\libc_nano.a(libc_a-mlock.o)
                              E:/STM32CubeIDE_1.18.1/STM32CubeIDE/plugins/com.st.stm32cube.ide.mcu.externaltools.gnu-tools-for-stm32.13.3.rel1.win32_1.0.0.202411081344/tools/bin/../lib/gcc/arm-none-eabi/13.3.1/../../../../arm-none-eabi/lib/thumb/v7-m/nofp\libc_nano.a(libc_a-mallocr.o) (__malloc_lock)
E:/STM32CubeIDE_1.18.1/STM32CubeIDE/plugins/com.st.stm32cube.ide.mcu.externaltools.gnu-tools-for-stm32.13.3.rel1.win32_1.0.0.202411081344/tools/bin/../lib/gcc/arm-none-eabi/13.3.1/../../../../arm-none-eabi/lib/thumb/v7-m/nofp\libc_nano.a(libc_a-findfp.o)
                              E:/STM32CubeIDE_1.18.1/STM32CubeIDE/plugins/com.st.stm32cube.ide.mcu.externaltools.gnu-tools-for-stm32.13.3.rel1.win32_1.0.0.202411081344/tools/bin/../lib/gcc/arm-none-eabi/13.3.1/../../../../arm-none-eabi/lib/thumb/v7-m/nofp\libc_nano.a(libc_a-exit.o) (__stdio_exit_handler)
E:/STM32CubeIDE_1.18.1/STM32CubeIDE/plugins/com.st.stm32cube.ide.mcu.externaltools.gnu-tools-for-stm32.13.3.rel1.win32_1.0.0.202411081344/tools/bin/../lib/gcc/arm-none-eabi/13.3.1/../../../../arm-none-eabi/lib/thumb/v7-m/nofp\libc_nano.a(libc_a-fwalk.o)
                              E:/STM32CubeIDE_1.18.1/STM32CubeIDE/plugins/com.st.stm32cube.ide.mcu.externaltools.gnu-tools-for-stm32.13.3.rel1.win32_1.0.0.202411081344/tools/bin/../lib/gcc/arm-none-eabi/13.3.1/../../../../arm-none-eabi/lib/thumb/v7-m/nofp\libc_nano.a(libc_a-findfp.o) (_fwalk_sglue)
E:/STM32CubeIDE_1.18.1/STM32CubeIDE/plugins/com.st.stm32cube.ide.mcu.externaltools.gnu-tools-for-stm32.13.3.rel1.win32_1.0.0.202411081344/tools/bin/../lib/gcc/arm-none-eabi/13.3.1/../../../../arm-none-eabi/lib/thumb/v7-m/nofp\libc_nano.a(libc_a-sprintf.o)
                              ./Core/Src/TFTc/TFT_UI.o (sprintf)
E:/STM32CubeIDE_1.18.1/STM32CubeIDE/plugins/com.st.stm32cube.ide.mcu.externaltools.gnu-tools-for-stm32.13.3.rel1.win32_1.0.0.202411081344/tools/bin/../lib/gcc/arm-none-eabi/13.3.1/../../../../arm-none-eabi/lib/thumb/v7-m/nofp\libc_nano.a(libc_a-sscanf.o)
                              ./Core/Src/main.o (sscanf)
E:/STM32CubeIDE_1.18.1/STM32CubeIDE/plugins/com.st.stm32cube.ide.mcu.externaltools.gnu-tools-for-stm32.13.3.rel1.win32_1.0.0.202411081344/tools/bin/../lib/gcc/arm-none-eabi/13.3.1/../../../../arm-none-eabi/lib/thumb/v7-m/nofp\libc_nano.a(libc_a-stdio.o)
                              E:/STM32CubeIDE_1.18.1/STM32CubeIDE/plugins/com.st.stm32cube.ide.mcu.externaltools.gnu-tools-for-stm32.13.3.rel1.win32_1.0.0.202411081344/tools/bin/../lib/gcc/arm-none-eabi/13.3.1/../../../../arm-none-eabi/lib/thumb/v7-m/nofp\libc_nano.a(libc_a-findfp.o) (__sread)
E:/STM32CubeIDE_1.18.1/STM32CubeIDE/plugins/com.st.stm32cube.ide.mcu.externaltools.gnu-tools-for-stm32.13.3.rel1.win32_1.0.0.202411081344/tools/bin/../lib/gcc/arm-none-eabi/13.3.1/../../../../arm-none-eabi/lib/thumb/v7-m/nofp\libc_nano.a(libc_a-memset.o)
                              E:/STM32CubeIDE_1.18.1/STM32CubeIDE/plugins/com.st.stm32cube.ide.mcu.externaltools.gnu-tools-for-stm32.13.3.rel1.win32_1.0.0.202411081344/tools/bin/../lib/gcc/arm-none-eabi/13.3.1/../../../../arm-none-eabi/lib/thumb/v7-m/nofp/crt0.o (memset)
[...]
Memory Configuration

Name             Origin             Length             Attributes
RAM              0x20000000         0x00005000         xrw
FLASH            0x08000000         0x00010000         xr
*default*        0x00000000         0xffffffff

Linker script and memory map

LOAD E:/STM32CubeIDE_1.18.1/STM32CubeIDE/plugins/com.st.stm32cube.ide.mcu.externaltools.gnu-tools-for-stm32.13.3.rel1.win32_1.0.0.202411081344/tools/bin/../lib/gcc/arm-none-eabi/13.3.1/thumb/v7-m/nofp/crti.o
LOAD E:/STM32CubeIDE_1.18.1/STM32CubeIDE/plugins/com.st.stm32cube.ide.mcu.externaltools.gnu-tools-for-stm32.13.3.rel1.win32_1.0.0.202411081344/tools/bin/../lib/gcc/arm-none-eabi/13.3.1/thumb/v7-m/nofp/crtbegin.o
LOAD E:/STM32CubeIDE_1.18.1/STM32CubeIDE/plugins/com.st.stm32cube.ide.mcu.externaltools.gnu-tools-for-stm32.13.3.rel1.win32_1.0.0.202411081344/tools/bin/../lib/gcc/arm-none-eabi/13.3.1/../../../../arm-none-eabi/lib/thumb/v7-m/nofp/crt0.o
LOAD ./Core/Src/TFTc/TFT_CAD.o
LOAD ./Core/Src/TFTc/TFT_UI.o
LOAD ./Core/Src/TFTc/TFT_init.o
LOAD ./Core/Src/TFTc/TFT_io.o
LOAD ./Core/Src/TFTc/TFT_text.o
LOAD ./Core/Src/TFTc/font.o
LOAD ./Core/Src/dma.o
LOAD ./Core/Src/gpio.o
LOAD ./Core/Src/main.o
LOAD ./Core/Src/spi.o
LOAD ./Core/Src/stm32f1xx_hal_msp.o
LOAD ./Core/Src/stm32f1xx_it.o
LOAD ./Core/Src/syscalls.o
LOAD ./Core/Src/sysmem.o
LOAD ./Core/Src/system_stm32f1xx.o
LOAD ./Core/Src/usart.o
LOAD ./Core/Startup/startup_stm32f103c8tx.o
LOAD ./Drivers/STM32F1xx_HAL_Driver/Src/stm32f1xx_hal.o
LOAD ./Drivers/STM32F1xx_HAL_Driver/Src/stm32f1xx_hal_cortex.o
LOAD ./Drivers/STM32F1xx_HAL_Driver/Src/stm32f1xx_hal_dma.o
LOAD ./Drivers/STM32F1xx_HAL_Driver/Src/stm32f1xx_hal_exti.o
LOAD ./Drivers/STM32F1xx_HAL_Driver/Src/stm32f1xx_hal_flash.o
LOAD ./Drivers/STM32F1xx_HAL_Driver/Src/stm32f1xx_hal_flash_ex.o
LOAD ./Drivers/STM32F1xx_HAL_Driver/Src/stm32f1xx_hal_gpio.o
LOAD ./Drivers/STM32F1xx_HAL_Driver/Src/stm32f1xx_hal_gpio_ex.o
LOAD ./Drivers/STM32F1xx_HAL_Driver/Src/stm32f1xx_hal_pwr.o
LOAD ./Drivers/STM32F1xx_HAL_Driver/Src/stm32f1xx_hal_rcc.o
LOAD ./Drivers/STM32F1xx_HAL_Driver/Src/stm32f1xx_hal_rcc_ex.o
LOAD ./Drivers/STM32F1xx_HAL_Driver/Src/stm32f1xx_hal_spi.o
LOAD ./Drivers/STM32F1xx_HAL_Driver/Src/stm32f1xx_hal_uart.o
START GROUP
LOAD E:/STM32CubeIDE_1.18.1/STM32CubeIDE/plugins/com.st.stm32cube.ide.mcu.externaltools.gnu-tools-for-stm32.13.3.rel1.win32_1.0.0.202411081344/tools/bin/../lib/gcc/arm-none-eabi/13.3.1/../../../../arm-none-eabi/lib/thumb/v7-m/nofp\libc_nano.a
LOAD E:/STM32CubeIDE_1.18.1/STM32CubeIDE/plugins/com.st.stm32cube.ide.mcu.externaltools.gnu-tools-for-stm32.13.3.rel1.win32_1.0.0.202411081344/tools/bin/../lib/gcc/arm-none-eabi/13.3.1/../../../../arm-none-eabi/lib/thumb/v7-m/nofp\libm.a
END GROUP
START GROUP
LOAD E:/STM32CubeIDE_1.18.1/STM32CubeIDE/plugins/com.st.stm32cube.ide.mcu.externaltools.gnu-tools-for-stm32.13.3.rel1.win32_1.0.0.202411081344/tools/bin/../lib/gcc/arm-none-eabi/13.3.1/thumb/v7-m/nofp\libgcc.a
LOAD E:/STM32CubeIDE_1.18.1/STM32CubeIDE/plugins/com.st.stm32cube.ide.mcu.externaltools.gnu-tools-for-stm32.13.3.rel1.win32_1.0.0.202411081344/tools/bin/../lib/gcc/arm-none-eabi/13.3.1/../../../../arm-none-eabi/lib/thumb/v7-m/nofp\libc_nano.a
END GROUP
START GROUP
LOAD E:/STM32CubeIDE_1.18.1/STM32CubeIDE/plugins/com.st.stm32cube.ide.mcu.externaltools.gnu-tools-for-stm32.13.3.rel1.win32_1.0.0.202411081344/tools/bin/../lib/gcc/arm-none-eabi/13.3.1/thumb/v7-m/nofp\libgcc.a
LOAD E:/STM32CubeIDE_1.18.1/STM32CubeIDE/plugins/com.st.stm32cube.ide.mcu.externaltools.gnu-tools-for-stm32.13.3.rel1.win32_1.0.0.202411081344/tools/bin/../lib/gcc/arm-none-eabi/13.3.1/../../../../arm-none-eabi/lib/thumb/v7-m/nofp\libc_nano.a
LOAD E:/STM32CubeIDE_1.18.1/STM32CubeIDE/plugins/com.st.stm32cube.ide.mcu.externaltools.gnu-tools-for-stm32.13.3.rel1.win32_1.0.0.202411081344/tools/bin/../lib/gcc/arm-none-eabi/13.3.1/../../../../arm-none-eabi/lib/thumb/v7-m/nofp\libnosys.a
END GROUP
START GROUP
LOAD E:/STM32CubeIDE_1.18.1/STM32CubeIDE/plugins/com.st.stm32cube.ide.mcu.externaltools.gnu-tools-for-stm32.13.3.rel1.win32_1.0.0.202411081344/tools/bin/../lib/gcc/arm-none-eabi/13.3.1/thumb/v7-m/nofp\libgcc.a
LOAD E:/STM32CubeIDE_1.18.1/STM32CubeIDE/plugins/com.st.stm32cube.ide.mcu.externaltools.gnu-tools-for-stm32.13.3.rel1.win32_1.0.0.202411081344/tools/bin/../lib/gcc/arm-none-eabi/13.3.1/../../../../arm-none-eabi/lib/thumb/v7-m/nofp\libc_nano.a
LOAD E:/STM32CubeIDE_1.18.1/STM32CubeIDE/plugins/com.st.stm32cube.ide.mcu.externaltools.gnu-tools-for-stm32.13.3.rel1.win32_1.0.0.202411081344/tools/bin/../lib/gcc/arm-none-eabi/13.3.1/../../../../arm-none-eabi/lib/thumb/v7-m/nofp\libnosys.a
END GROUP
LOAD E:/STM32CubeIDE_1.18.1/STM32CubeIDE/plugins/com.st.stm32cube.ide.mcu.externaltools.gnu-tools-for-stm32.13.3.rel1.win32_1.0.0.202411081344/tools/bin/../lib/gcc/arm-none-eabi/13.3.1/thumb/v7-m/nofp/crtend.o
LOAD E:/STM32CubeIDE_1.18.1/STM32CubeIDE/plugins/com.st.stm32cube.ide.mcu.externaltools.gnu-tools-for-stm32.13.3.rel1.win32_1.0.0.202411081344/tools/bin/../lib/gcc/arm-none-eabi/13.3.1/thumb/v7-m/nofp/crtn.o
                0x20005000                        _estack = (ORIGIN (RAM) + LENGTH (RAM))
                0x00000200                        _Min_Heap_Size = 0x200
                0x00000400                        _Min_Stack_Size = 0x400

.isr_vector     0x08000000      0x10c
                0x08000000                        . = ALIGN (0x4)
 *(.isr_vector)
 .isr_vector    0x08000000      0x10c ./Core/Startup/startup_stm32f103c8tx.o
                0x08000000                g_pfnVectors
                0x0800010c                        . = ALIGN (0x4)

.text           0x0800010c     0x73f4
                0x0800010c                        . = ALIGN (0x4)
 *(.text)
 .text          0x0800010c       0x40 E:/STM32CubeIDE_1.18.1/STM32CubeIDE/plugins/com.st.stm32cube.ide.mcu.externaltools.gnu-tools-for-stm32.13.3.rel1.win32_1.0.0.202411081344/tools/bin/../lib/gcc/arm-none-eabi/13.3.1/thumb/v7-m/nofp/crtbegin.o
 .text          0x0800014c       0x10 E:/STM32CubeIDE_1.18.1/STM32CubeIDE/plugins/com.st.stm32cube.ide.mcu.externaltools.gnu-tools-for-stm32.13.3.rel1.win32_1.0.0.202411081344/tools/bin/../lib/gcc/arm-none-eabi/13.3.1/../../../../arm-none-eabi/lib/thumb/v7-m/nofp\libc_nano.a(libc_a-strlen.o)
                0x0800014c                strlen
 .text          0x0800015c      0x378 E:/STM32CubeIDE_1.18.1/STM32CubeIDE/plugins/com.st.stm32cube.ide.mcu.externaltools.gnu-tools-for-stm32.13.3.rel1.win32_1.0.0.202411081344/tools/bin/../lib/gcc/arm-none-eabi/13.3.1/thumb/v7-m/nofp\libgcc.a(_arm_addsubdf3.o)
                0x0800015c                __aeabi_drsub
                0x08000164                __aeabi_dsub
                0x08000164                __subdf3
                0x08000168                __aeabi_dadd
                0x08000168                __adddf3
                0x080003e0                __floatunsidf
                0x080003e0                __aeabi_ui2d
                0x08000400                __floatsidf
                0x08000400                __aeabi_i2d
                0x08000424                __aeabi_f2d
                0x08000424                __extendsfdf2
                0x08000468                __floatundidf
                0x08000468                __aeabi_ul2d
                0x08000478                __floatdidf
                0x08000478                __aeabi_l2d
 .text          0x080004d4      0x21c E:/STM32CubeIDE_1.18.1/STM32CubeIDE/plugins/com.st.stm32cube.ide.mcu.externaltools.gnu-tools-for-stm32.13.3.rel1.win32_1.0.0.202411081344/tools/bin/../lib/gcc/arm-none-eabi/13.3.1/thumb/v7-m/nofp\libgcc.a(_arm_addsubsf3.o)
                0x080004d4                __aeabi_frsub
                0x080004dc                __subsf3
                0x080004dc                __aeabi_fsub
                0x080004e0                __aeabi_fadd
                0x080004e0                __addsf3
                0x08000640                __aeabi_ui2f
                0x08000640                __floatunsisf
                0x08000648                __aeabi_i2f
                0x08000648                __floatsisf
                0x08000664                __aeabi_ul2f
                0x08000664                __floatundisf
                0x08000674                __aeabi_l2f
                0x08000674                __floatdisf
 .text          0x080006f0      0x2a0 E:/STM32CubeIDE_1.18.1/STM32CubeIDE/plugins/com.st.stm32cube.ide.mcu.externaltools.gnu-tools-for-stm32.13.3.rel1.win32_1.0.0.202411081344/tools/bin/../lib/gcc/arm-none-eabi/13.3.1/thumb/v7-m/nofp\libgcc.a(_arm_muldivsf3.o)
                0x080006f0                __mulsf3
                0x080006f0                __aeabi_fmul
                0x08000858                __aeabi_fdiv
                0x08000858                __divsf3
 .text          0x08000990       0xec E:/STM32CubeIDE_1.18.1/STM32CubeIDE/plugins/com.st.stm32cube.ide.mcu.externaltools.gnu-tools-for-stm32.13.3.rel1.win32_1.0.0.202411081344/tools/bin/../lib/gcc/arm-none-eabi/13.3.1/thumb/v7-m/nofp\libgcc.a(_arm_cmpsf2.o)
                0x08000990                __gesf2
                0x08000990                __gtsf2
                0x08000998                __lesf2
                0x08000998                __ltsf2
                0x080009a0                __nesf2
                0x080009a0                __eqsf2
                0x080009a0                __cmpsf2
                0x08000a00                __aeabi_cfrcmple
                0x08000a08                __aeabi_cfcmpeq
                0x08000a08                __aeabi_cfcmple
                0x08000a18                __aeabi_fcmpeq
                0x08000a2c                __aeabi_fcmplt
                0x08000a40                __aeabi_fcmple
                0x08000a54                __aeabi_fcmpge
                0x08000a68                __aeabi_fcmpgt
 .text          0x08000a7c       0x4c E:/STM32CubeIDE_1.18.1/STM32CubeIDE/plugins/com.st.stm32cube.ide.mcu.externaltools.gnu-tools-for-stm32.13.3.rel1.win32_1.0.0.202411081344/tools/bin/../lib/gcc/arm-none-eabi/13.3.1/thumb/v7-m/nofp\libgcc.a(_arm_fixsfsi.o)
                0x08000a7c                __aeabi_f2iz
                0x08000a7c                __fixsfsi
 .text          0x08000ac8       0x40 E:/STM32CubeIDE_1.18.1/STM32CubeIDE/plugins/com.st.stm32cube.ide.mcu.externaltools.gnu-tools-for-stm32.13.3.rel1.win32_1.0.0.202411081344/tools/bin/../lib/gcc/arm-none-eabi/13.3.1/thumb/v7-m/nofp\libgcc.a(_arm_fixunssfsi.o)
                0x08000ac8                __fixunssfsi
                0x08000ac8                __aeabi_f2uiz
 *(.text*)
 .text.TFT_Draw_Point
                0x08000b08       0x3e ./Core/Src/TFTc/TFT_CAD.o
                0x08000b08                TFT_Draw_Point
 .text.TFT_Fill_Area
                0x08000b46       0x98 ./Core/Src/TFTc/TFT_CAD.o
                0x08000b46                TFT_Fill_Area
 .text.TFT_Draw_Fast_HLine
                0x08000bde       0x72 ./Core/Src/TFTc/TFT_CAD.o
                0x08000bde                TFT_Draw_Fast_HLine
 .text.TFT_Draw_Fast_VLine
                0x08000c50       0x72 ./Core/Src/TFTc/TFT_CAD.o
                0x08000c50                TFT_Draw_Fast_VLine
 .text.TFT_Draw_Line
                0x08000cc2      0x1a6 ./Core/Src/TFTc/TFT_CAD.o
                0x08000cc2                TFT_Draw_Line
 .text.TFT_Draw_Triangle
                0x08000e68       0x64 ./Core/Src/TFTc/TFT_CAD.o
                0x08000e68                TFT_Draw_Triangle
 .text.TFT_Init_ST7735S
                0x08000ecc      0x2b6 ./Core/Src/TFTc/TFT_init.o
                0x08000ecc                TFT_Init_ST7735S
 *fill*         0x08001182        0x2 
 .text.TFT_Set_Direction
                0x08001184       0x6c ./Core/Src/TFTc/TFT_init.o
 .text.TFT_Init_ST7789v3
                0x080011f0      0x248 ./Core/Src/TFTc/TFT_init.o
                0x080011f0                TFT_Init_ST7789v3
 .text.TFT_Init_Instance
                0x08001438       0x56 ./Core/Src/TFTc/TFT_io.o
                0x08001438                TFT_Init_Instance
 .text.TFT_Config_Pins
                0x0800148e       0x3e ./Core/Src/TFTc/TFT_io.o
                0x0800148e                TFT_Config_Pins
 .text.TFT_Config_Display
                0x080014cc       0x3c ./Core/Src/TFTc/TFT_io.o
                0x080014cc                TFT_Config_Display
 .text.TFT_Register_Device
                0x08001508       0x54 ./Core/Src/TFTc/TFT_io.o
 .text.TFT_Pin_RES_Set
                0x0800155c       0x24 ./Core/Src/TFTc/TFT_io.o
                0x0800155c                TFT_Pin_RES_Set
 .text.TFT_Pin_DC_Set
                0x08001580       0x24 ./Core/Src/TFTc/TFT_io.o
                0x08001580                TFT_Pin_DC_Set
 .text.TFT_Pin_CS_Set
                0x080015a4       0x24 ./Core/Src/TFTc/TFT_io.o
                0x080015a4                TFT_Pin_CS_Set
 .text.TFT_Pin_BLK_Set
                0x080015c8       0x24 ./Core/Src/TFTc/TFT_io.o
                0x080015c8                TFT_Pin_BLK_Set
 .text.TFT_Platform_SPI_Transmit_Blocking
                0x080015ec       0x26 ./Core/Src/TFTc/TFT_io.o
                0x080015ec                TFT_Platform_SPI_Transmit_Blocking
 .text.TFT_Platform_SPI_Transmit_DMA_Start
                0x08001612       0x24 ./Core/Src/TFTc/TFT_io.o
                0x08001612                TFT_Platform_SPI_Transmit_DMA_Start
 .text.TFT_SPI_Send
                0x08001636       0x9e ./Core/Src/TFTc/TFT_io.o
                0x08001636                TFT_SPI_Send
 .text.TFT_Buffer_Write16
                0x080016d4       0x70 ./Core/Src/TFTc/TFT_io.o
                0x080016d4                TFT_Buffer_Write16
 .text.TFT_Flush_Buffer
                0x08001744       0x42 ./Core/Src/TFTc/TFT_io.o
                0x08001744                TFT_Flush_Buffer
 .text.TFT_Reset_Buffer
                0x08001786       0x20 ./Core/Src/TFTc/TFT_io.o
                0x08001786                TFT_Reset_Buffer
 .text.TFT_IO_Init
                0x080017a6       0x76 ./Core/Src/TFTc/TFT_io.o
                0x080017a6                TFT_IO_Init
 .text.TFT_Wait_DMA_Transfer_Complete
                0x0800181c       0x32 ./Core/Src/TFTc/TFT_io.o
 .text.TFT_Write_Data8
                0x0800184e       0x52 ./Core/Src/TFTc/TFT_io.o
                0x0800184e                TFT_Write_Data8
 .text.TFT_Write_Data16
                0x080018a0       0x64 ./Core/Src/TFTc/TFT_io.o
                0x080018a0                TFT_Write_Data16
 .text.TFT_Write_Command
                0x08001904       0x54 ./Core/Src/TFTc/TFT_io.o
                0x08001904                TFT_Write_Command
 .text.TFT_Set_Address
                0x08001958      0x126 ./Core/Src/TFTc/TFT_io.o
                0x08001958                TFT_Set_Address
 *fill*         0x08001a7e        0x2 
 .text.HAL_SPI_TxCpltCallback
                0x08001a80       0x6c ./Core/Src/TFTc/TFT_io.o
                0x08001a80                HAL_SPI_TxCpltCallback
 .text._TFT_Draw_Glyph
                0x08001aec      0x10c ./Core/Src/TFTc/TFT_text.o
 .text.TFT_Show_String
                0x08001bf8       0x94 ./Core/Src/TFTc/TFT_text.o
                0x08001bf8                TFT_Show_String
 .text.TFT_Show_Char
                0x08001c8c       0xb8 ./Core/Src/TFTc/TFT_text.o
                0x08001c8c                TFT_Show_Char
 .text.MX_DMA_Init
                0x08001d44       0x4c ./Core/Src/dma.o
                0x08001d44                MX_DMA_Init
 .text.MX_GPIO_Init
                0x08001d90       0xf8 ./Core/Src/gpio.o
                0x08001d90                MX_GPIO_Init
 .text.main     0x08001e88      0x52c ./Core/Src/main.o
                0x08001e88                main
 .text.SystemClock_Config
                0x080023b4       0x8a ./Core/Src/main.o
                0x080023b4                SystemClock_Config
 *fill*         0x0800243e        0x2 
 .text.analyze_waveform
                0x08002440      0x20c ./Core/Src/main.o
                0x08002440                analyze_waveform
 .text.HAL_UART_RxCpltCallback
                0x0800264c       0x94 ./Core/Src/main.o
                0x0800264c                HAL_UART_RxCpltCallback
 .text.parse_uart_command
                0x080026e0      0x410 ./Core/Src/main.o
                0x080026e0                parse_uart_command
 .text.Error_Handler
                0x08002af0        0xc ./Core/Src/main.o
                0x08002af0                Error_Handler
 .text.MX_SPI1_Init
                0x08002afc       0x6c ./Core/Src/spi.o
                0x08002afc                MX_SPI1_Init
 .text.MX_SPI2_Init
                0x08002b68       0x6c ./Core/Src/spi.o
                0x08002b68                MX_SPI2_Init
 .text.HAL_SPI_MspInit
                0x08002bd4      0x188 ./Core/Src/spi.o
                0x08002bd4                HAL_SPI_MspInit
 .text.HAL_MspInit
                0x08002d5c       0x64 ./Core/Src/stm32f1xx_hal_msp.o
                0x08002d5c                HAL_MspInit
 .text.NMI_Handler
                0x08002dc0        0x8 ./Core/Src/stm32f1xx_it.o
                0x08002dc0                NMI_Handler
 .text.HardFault_Handler
                0x08002dc8        0x8 ./Core/Src/stm32f1xx_it.o
                0x08002dc8                HardFault_Handler
 .text.MemManage_Handler
                0x08002dd0        0x8 ./Core/Src/stm32f1xx_it.o
                0x08002dd0                MemManage_Handler
 .text.BusFault_Handler
                0x08002dd8        0x8 ./Core/Src/stm32f1xx_it.o
                0x08002dd8                BusFault_Handler
 .text.UsageFault_Handler
                0x08002de0        0x8 ./Core/Src/stm32f1xx_it.o
                0x08002de0                UsageFault_Handler
 .text.SVC_Handler
                0x08002de8        0xc ./Core/Src/stm32f1xx_it.o
                0x08002de8                SVC_Handler
 .text.DebugMon_Handler
                0x08002df4        0xc ./Core/Src/stm32f1xx_it.o
                0x08002df4                DebugMon_Handler
 .text.PendSV_Handler
                0x08002e00        0xc ./Core/Src/stm32f1xx_it.o
                0x08002e00                PendSV_Handler
 .text.SysTick_Handler
                0x08002e0c        0xc ./Core/Src/stm32f1xx_it.o
                0x08002e0c                SysTick_Handler
 .text.DMA1_Channel3_IRQHandler
                0x08002e18       0x14 ./Core/Src/stm32f1xx_it.o
                0x08002e18                DMA1_Channel3_IRQHandler
 .text.DMA1_Channel5_IRQHandler
                0x08002e2c       0x14 ./Core/Src/stm32f1xx_it.o
                0x08002e2c                DMA1_Channel5_IRQHandler
 .text.USART1_IRQHandler
                0x08002e40       0x14 ./Core/Src/stm32f1xx_it.o
                0x08002e40                USART1_IRQHandler
 .text._sbrk    0x08002e54       0x6c ./Core/Src/sysmem.o
                0x08002e54                _sbrk
 .text.SystemInit
                0x08002ec0        0xc ./Core/Src/system_stm32f1xx.o
                0x08002ec0                SystemInit
 .text.MX_USART1_UART_Init
                0x08002ecc       0x54 ./Core/Src/usart.o
                0x08002ecc                MX_USART1_UART_Init
 .text.HAL_UART_MspInit
                0x08002f20       0xa8 ./Core/Src/usart.o
                0x08002f20                HAL_UART_MspInit
 .text.Reset_Handler
                0x08002fc8       0x48 ./Core/Startup/startup_stm32f103c8tx.o
                0x08002fc8                Reset_Handler
 .text.Default_Handler
                0x08003010        0x2 ./Core/Startup/startup_stm32f103c8tx.o
                0x08003010                RTC_Alarm_IRQHandler
                0x08003010                EXTI2_IRQHandler
                0x08003010                TIM1_CC_IRQHandler
                0x08003010                PVD_IRQHandler
                0x08003010                EXTI3_IRQHandler
                0x08003010                EXTI0_IRQHandler
                0x08003010                I2C2_EV_IRQHandler
                0x08003010                ADC1_2_IRQHandler
                0x08003010                SPI1_IRQHandler
                0x08003010                TAMPER_IRQHandler
                0x08003010                DMA1_Channel4_IRQHandler
                0x08003010                USART3_IRQHandler
                0x08003010                RTC_IRQHandler
                0x08003010                DMA1_Channel7_IRQHandler
                0x08003010                CAN1_RX1_IRQHandler
                0x08003010                TIM4_IRQHandler
                0x08003010                I2C1_EV_IRQHandler
                0x08003010                DMA1_Channel6_IRQHandler
                0x08003010                TIM3_IRQHandler
                0x08003010                RCC_IRQHandler
                0x08003010                TIM1_TRG_COM_IRQHandler
                0x08003010                DMA1_Channel1_IRQHandler
                0x08003010                Default_Handler
                0x08003010                EXTI15_10_IRQHandler
                0x08003010                EXTI9_5_IRQHandler
                0x08003010                SPI2_IRQHandler
                0x08003010                EXTI4_IRQHandler
                0x08003010                USB_LP_CAN1_RX0_IRQHandler
                0x08003010                USB_HP_CAN1_TX_IRQHandler
                0x08003010                TIM1_UP_IRQHandler
                0x08003010                WWDG_IRQHandler
                0x08003010                TIM2_IRQHandler
                0x08003010                TIM1_BRK_IRQHandler
                0x08003010                EXTI1_IRQHandler
                0x08003010                USART2_IRQHandler
                0x08003010                I2C2_ER_IRQHandler
                0x08003010                DMA1_Channel2_IRQHandler
                0x08003010                CAN1_SCE_IRQHandler
                0x08003010                FLASH_IRQHandler
                0x08003010                I2C1_ER_IRQHandler
                0x08003010                USBWakeUp_IRQHandler
 *fill*         0x08003012        0x2 
 .text.HAL_Init
                0x08003014       0x2c ./Drivers/STM32F1xx_HAL_Driver/Src/stm32f1xx_hal.o
                0x08003014                HAL_Init
 .text.HAL_InitTick
                0x08003040       0x60 ./Drivers/STM32F1xx_HAL_Driver/Src/stm32f1xx_hal.o
                0x08003040                HAL_InitTick
 .text.HAL_IncTick
                0x080030a0       0x24 ./Drivers/STM32F1xx_HAL_Driver/Src/stm32f1xx_hal.o
                0x080030a0                HAL_IncTick
 .text.HAL_GetTick
                0x080030c4       0x14 ./Drivers/STM32F1xx_HAL_Driver/Src/stm32f1xx_hal.o
                0x080030c4                HAL_GetTick
 .text.HAL_Delay
                0x080030d8       0x48 ./Drivers/STM32F1xx_HAL_Driver/Src/stm32f1xx_hal.o
                0x080030d8                HAL_Delay
 .text.__NVIC_SetPriorityGrouping
                0x08003120       0x48 ./Drivers/STM32F1xx_HAL_Driver/Src/stm32f1xx_hal_cortex.o
 .text.__NVIC_GetPriorityGrouping
                0x08003168       0x1c ./Drivers/STM32F1xx_HAL_Driver/Src/stm32f1xx_hal_cortex.o
 .text.__NVIC_EnableIRQ
                0x08003184       0x38 ./Drivers/STM32F1xx_HAL_Driver/Src/stm32f1xx_hal_cortex.o
 .text.__NVIC_SetPriority
                0x080031bc       0x54 ./Drivers/STM32F1xx_HAL_Driver/Src/stm32f1xx_hal_cortex.o
 .text.NVIC_EncodePriority
                0x08003210       0x64 ./Drivers/STM32F1xx_HAL_Driver/Src/stm32f1xx_hal_cortex.o
 .text.SysTick_Config
                0x08003274       0x44 ./Drivers/STM32F1xx_HAL_Driver/Src/stm32f1xx_hal_cortex.o
 .text.HAL_NVIC_SetPriorityGrouping
                0x080032b8       0x16 ./Drivers/STM32F1xx_HAL_Driver/Src/stm32f1xx_hal_cortex.o
                0x080032b8                HAL_NVIC_SetPriorityGrouping
 .text.HAL_NVIC_SetPriority
                0x080032ce       0x38 ./Drivers/STM32F1xx_HAL_Driver/Src/stm32f1xx_hal_cortex.o
                0x080032ce                HAL_NVIC_SetPriority
 .text.HAL_NVIC_EnableIRQ
                0x08003306       0x1c ./Drivers/STM32F1xx_HAL_Driver/Src/stm32f1xx_hal_cortex.o
                0x08003306                HAL_NVIC_EnableIRQ
 .text.HAL_SYSTICK_Config
                0x08003322       0x18 ./Drivers/STM32F1xx_HAL_Driver/Src/stm32f1xx_hal_cortex.o
                0x08003322                HAL_SYSTICK_Config
 *fill*         0x0800333a        0x2 
 .text.HAL_DMA_Init
                0x0800333c       0xb4 ./Drivers/STM32F1xx_HAL_Driver/Src/stm32f1xx_hal_dma.o
                0x0800333c                HAL_DMA_Init
 .text.HAL_DMA_Start_IT
                0x080033f0       0xc0 ./Drivers/STM32F1xx_HAL_Driver/Src/stm32f1xx_hal_dma.o
                0x080033f0                HAL_DMA_Start_IT
 .text.HAL_DMA_Abort
                0x080034b0       0x76 ./Drivers/STM32F1xx_HAL_Driver/Src/stm32f1xx_hal_dma.o
                0x080034b0                HAL_DMA_Abort
 *fill*         0x08003526        0x2 
 .text.HAL_DMA_Abort_IT
                0x08003528       0xf0 ./Drivers/STM32F1xx_HAL_Driver/Src/stm32f1xx_hal_dma.o
                0x08003528                HAL_DMA_Abort_IT
 .text.HAL_DMA_IRQHandler
                0x08003618      0x20c ./Drivers/STM32F1xx_HAL_Driver/Src/stm32f1xx_hal_dma.o
                0x08003618                HAL_DMA_IRQHandler
 .text.DMA_SetConfig
                0x08003824       0x5a ./Drivers/STM32F1xx_HAL_Driver/Src/stm32f1xx_hal_dma.o
 *fill*         0x0800387e        0x2 
 .text.HAL_GPIO_Init
                0x08003880      0x308 ./Drivers/STM32F1xx_HAL_Driver/Src/stm32f1xx_hal_gpio.o
                0x08003880                HAL_GPIO_Init
 .text.HAL_GPIO_WritePin
                0x08003b88       0x30 ./Drivers/STM32F1xx_HAL_Driver/Src/stm32f1xx_hal_gpio.o
                0x08003b88                HAL_GPIO_WritePin
 .text.HAL_RCC_OscConfig
                0x08003bb8      0x504 ./Drivers/STM32F1xx_HAL_Driver/Src/stm32f1xx_hal_rcc.o
                0x08003bb8                HAL_RCC_OscConfig
 .text.HAL_RCC_ClockConfig
                0x080040bc      0x1d4 ./Drivers/STM32F1xx_HAL_Driver/Src/stm32f1xx_hal_rcc.o
                0x080040bc                HAL_RCC_ClockConfig
 .text.HAL_RCC_GetSysClockFreq
                0x08004290       0xa8 ./Drivers/STM32F1xx_HAL_Driver/Src/stm32f1xx_hal_rcc.o
                0x08004290                HAL_RCC_GetSysClockFreq
 .text.HAL_RCC_GetHCLKFreq
                0x08004338       0x14 ./Drivers/STM32F1xx_HAL_Driver/Src/stm32f1xx_hal_rcc.o
                0x08004338                HAL_RCC_GetHCLKFreq
 .text.HAL_RCC_GetPCLK1Freq
                0x0800434c       0x28 ./Drivers/STM32F1xx_HAL_Driver/Src/stm32f1xx_hal_rcc.o
                0x0800434c                HAL_RCC_GetPCLK1Freq
 .text.HAL_RCC_GetPCLK2Freq
                0x08004374       0x28 ./Drivers/STM32F1xx_HAL_Driver/Src/stm32f1xx_hal_rcc.o
                0x08004374                HAL_RCC_GetPCLK2Freq
 .text.RCC_Delay
                0x0800439c       0x3c ./Drivers/STM32F1xx_HAL_Driver/Src/stm32f1xx_hal_rcc.o
 .text.HAL_SPI_Init
                0x080043d8      0x108 ./Drivers/STM32F1xx_HAL_Driver/Src/stm32f1xx_hal_spi.o
                0x080043d8                HAL_SPI_Init
 .text.HAL_SPI_Transmit
                0x080044e0      0x288 ./Drivers/STM32F1xx_HAL_Driver/Src/stm32f1xx_hal_spi.o
                0x080044e0                HAL_SPI_Transmit
 .text.HAL_SPI_Transmit_DMA
                0x08004768      0x164 ./Drivers/STM32F1xx_HAL_Driver/Src/stm32f1xx_hal_spi.o
                0x08004768                HAL_SPI_Transmit_DMA
 .text.HAL_SPI_TxHalfCpltCallback
                0x080048cc       0x12 ./Drivers/STM32F1xx_HAL_Driver/Src/stm32f1xx_hal_spi.o
                0x080048cc                HAL_SPI_TxHalfCpltCallback
 .text.HAL_SPI_ErrorCallback
                0x080048de       0x12 ./Drivers/STM32F1xx_HAL_Driver/Src/stm32f1xx_hal_spi.o
                0x080048de                HAL_SPI_ErrorCallback
 .text.SPI_DMATransmitCplt
                0x080048f0       0xa6 ./Drivers/STM32F1xx_HAL_Driver/Src/stm32f1xx_hal_spi.o
 .text.SPI_DMAHalfTransmitCplt
                0x08004996       0x1c ./Drivers/STM32F1xx_HAL_Driver/Src/stm32f1xx_hal_spi.o
 .text.SPI_DMAError
                0x080049b2       0x40 ./Drivers/STM32F1xx_HAL_Driver/Src/stm32f1xx_hal_spi.o
 *fill*         0x080049f2        0x2 
 .text.SPI_WaitFlagStateUntilTimeout
                0x080049f4      0x110 ./Drivers/STM32F1xx_HAL_Driver/Src/stm32f1xx_hal_spi.o
 .text.SPI_EndRxTxTransaction
                0x08004b04       0x62 ./Drivers/STM32F1xx_HAL_Driver/Src/stm32f1xx_hal_spi.o
 .text.HAL_UART_Init
                0x08004b66       0xa0 ./Drivers/STM32F1xx_HAL_Driver/Src/stm32f1xx_hal_uart.o
                0x08004b66                HAL_UART_Init
 .text.HAL_UART_Receive_IT
                0x08004c06       0x4a ./Drivers/STM32F1xx_HAL_Driver/Src/stm32f1xx_hal_uart.o
                0x08004c06                HAL_UART_Receive_IT
 .text.HAL_UART_IRQHandler
                0x08004c50      0x524 ./Drivers/STM32F1xx_HAL_Driver/Src/stm32f1xx_hal_uart.o
                0x08004c50                HAL_UART_IRQHandler
 .text.HAL_UART_TxCpltCallback
                0x08005174       0x12 ./Drivers/STM32F1xx_HAL_Driver/Src/stm32f1xx_hal_uart.o
                0x08005174                HAL_UART_TxCpltCallback
 .text.HAL_UART_ErrorCallback
                0x08005186       0x12 ./Drivers/STM32F1xx_HAL_Driver/Src/stm32f1xx_hal_uart.o
                0x08005186                HAL_UART_ErrorCallback
 .text.HAL_UARTEx_RxEventCallback
                0x08005198       0x16 ./Drivers/STM32F1xx_HAL_Driver/Src/stm32f1xx_hal_uart.o
                0x08005198                HAL_UARTEx_RxEventCallback
 .text.UART_Start_Receive_IT
                0x080051ae       0x72 ./Drivers/STM32F1xx_HAL_Driver/Src/stm32f1xx_hal_uart.o
                0x080051ae                UART_Start_Receive_IT
 .text.UART_EndRxTransfer
                0x08005220       0xc4 ./Drivers/STM32F1xx_HAL_Driver/Src/stm32f1xx_hal_uart.o
 .text.UART_DMAAbortOnError
                0x080052e4       0x28 ./Drivers/STM32F1xx_HAL_Driver/Src/stm32f1xx_hal_uart.o
 .text.UART_Transmit_IT
                0x0800530c       0x9e ./Drivers/STM32F1xx_HAL_Driver/Src/stm32f1xx_hal_uart.o
 .text.UART_EndTransmit_IT
                0x080053aa       0x30 ./Drivers/STM32F1xx_HAL_Driver/Src/stm32f1xx_hal_uart.o
 .text.UART_Receive_IT
                0x080053da      0x17c ./Drivers/STM32F1xx_HAL_Driver/Src/stm32f1xx_hal_uart.o
 *fill*         0x08005556        0x2 
 .text.UART_SetConfig
                0x08005558      0x11c ./Drivers/STM32F1xx_HAL_Driver/Src/stm32f1xx_hal_uart.o
 .text.malloc   0x08005674       0x10 E:/STM32CubeIDE_1.18.1/STM32CubeIDE/plugins/com.st.stm32cube.ide.mcu.externaltools.gnu-tools-for-stm32.13.3.rel1.win32_1.0.0.202411081344/tools/bin/../lib/gcc/arm-none-eabi/13.3.1/../../../../arm-none-eabi/lib/thumb/v7-m/nofp\libc_nano.a(libc_a-malloc.o)
                0x08005674                malloc
 .text.sbrk_aligned
                0x08005684       0x44 E:/STM32CubeIDE_1.18.1/STM32CubeIDE/plugins/com.st.stm32cube.ide.mcu.externaltools.gnu-tools-for-stm32.13.3.rel1.win32_1.0.0.202411081344/tools/bin/../lib/gcc/arm-none-eabi/13.3.1/../../../../arm-none-eabi/lib/thumb/v7-m/nofp\libc_nano.a(libc_a-mallocr.o)
 .text._malloc_r
                0x080056c8      0x100 E:/STM32CubeIDE_1.18.1/STM32CubeIDE/plugins/com.st.stm32cube.ide.mcu.externaltools.gnu-tools-for-stm32.13.3.rel1.win32_1.0.0.202411081344/tools/bin/../lib/gcc/arm-none-eabi/13.3.1/../../../../arm-none-eabi/lib/thumb/v7-m/nofp\libc_nano.a(libc_a-mallocr.o)
                0x080056c8                _malloc_r
 .text.__malloc_lock
                0x080057c8        0xc E:/STM32CubeIDE_1.18.1/STM32CubeIDE/plugins/com.st.stm32cube.ide.mcu.externaltools.gnu-tools-for-stm32.13.3.rel1.win32_1.0.0.202411081344/tools/bin/../lib/gcc/arm-none-eabi/13.3.1/../../../../arm-none-eabi/lib/thumb/v7-m/nofp\libc_nano.a(libc_a-mlock.o)
                0x080057c8                __malloc_lock
 .text.__malloc_unlock
                0x080057d4        0xc E:/STM32CubeIDE_1.18.1/STM32CubeIDE/plugins/com.st.stm32cube.ide.mcu.externaltools.gnu-tools-for-stm32.13.3.rel1.win32_1.0.0.202411081344/tools/bin/../lib/gcc/arm-none-eabi/13.3.1/../../../../arm-none-eabi/lib/thumb/v7-m/nofp\libc_nano.a(libc_a-mlock.o)
                0x080057d4                __malloc_unlock
 .text.sprintf  0x080057e0       0x44 E:/STM32CubeIDE_1.18.1/STM32CubeIDE/plugins/com.st.stm32cube.ide.mcu.externaltools.gnu-tools-for-stm32.13.3.rel1.win32_1.0.0.202411081344/tools/bin/../lib/gcc/arm-none-eabi/13.3.1/../../../../arm-none-eabi/lib/thumb/v7-m/nofp\libc_nano.a(libc_a-sprintf.o)
                0x080057e0                siprintf
                0x080057e0                sprintf
 .text.sscanf   0x08005824       0x58 E:/STM32CubeIDE_1.18.1/STM32CubeIDE/plugins/com.st.stm32cube.ide.mcu.externaltools.gnu-tools-for-stm32.13.3.rel1.win32_1.0.0.202411081344/tools/bin/../lib/gcc/arm-none-eabi/13.3.1/../../../../arm-none-eabi/lib/thumb/v7-m/nofp\libc_nano.a(libc_a-sscanf.o)
                0x08005824                siscanf
                0x08005824                sscanf
 .text.__seofread
                0x0800587c        0x4 E:/STM32CubeIDE_1.18.1/STM32CubeIDE/plugins/com.st.stm32cube.ide.mcu.externaltools.gnu-tools-for-stm32.13.3.rel1.win32_1.0.0.202411081344/tools/bin/../lib/gcc/arm-none-eabi/13.3.1/../../../../arm-none-eabi/lib/thumb/v7-m/nofp\libc_nano.a(libc_a-stdio.o)
                0x0800587c                __seofread
 .text.memset   0x08005880       0x10 E:/STM32CubeIDE_1.18.1/STM32CubeIDE/plugins/com.st.stm32cube.ide.mcu.externaltools.gnu-tools-for-stm32.13.3.rel1.win32_1.0.0.202411081344/tools/bin/../lib/gcc/arm-none-eabi/13.3.1/../../../../arm-none-eabi/lib/thumb/v7-m/nofp\libc_nano.a(libc_a-memset.o)
                0x08005880                memset
 .text.strstr   0x08005890       0x2c E:/STM32CubeIDE_1.18.1/STM32CubeIDE/plugins/com.st.stm32cube.ide.mcu.externaltools.gnu-tools-for-stm32.13.3.rel1.win32_1.0.0.202411081344/tools/bin/../lib/gcc/arm-none-eabi/13.3.1/../../../../arm-none-eabi/lib/thumb/v7-m/nofp\libc_nano.a(libc_a-strstr.o)
                0x08005890                strstr
 .text._sbrk_r  0x080058bc       0x20 E:/STM32CubeIDE_1.18.1/STM32CubeIDE/plugins/com.st.stm32cube.ide.mcu.externaltools.gnu-tools-for-stm32.13.3.rel1.win32_1.0.0.202411081344/tools/bin/../lib/gcc/arm-none-eabi/13.3.1/../../../../arm-none-eabi/lib/thumb/v7-m/nofp\libc_nano.a(libc_a-sbrkr.o)
                0x080058bc                _sbrk_r
 .text.__errno  0x080058dc        0xc E:/STM32CubeIDE_1.18.1/STM32CubeIDE/plugins/com.st.stm32cube.ide.mcu.externaltools.gnu-tools-for-stm32.13.3.rel1.win32_1.0.0.202411081344/tools/bin/../lib/gcc/arm-none-eabi/13.3.1/../../../../arm-none-eabi/lib/thumb/v7-m/nofp\libc_nano.a(libc_a-errno.o)
                0x080058dc                __errno
 .text.__libc_init_array
                0x080058e8       0x48 E:/STM32CubeIDE_1.18.1/STM32CubeIDE/plugins/com.st.stm32cube.ide.mcu.externaltools.gnu-tools-for-stm32.13.3.rel1.win32_1.0.0.202411081344/tools/bin/../lib/gcc/arm-none-eabi/13.3.1/../../../../arm-none-eabi/lib/thumb/v7-m/nofp\libc_nano.a(libc_a-init.o)
                0x080058e8                __libc_init_array
 .text.__retarget_lock_acquire_recursive
                0x08005930        0x2 E:/STM32CubeIDE_1.18.1/STM32CubeIDE/plugins/com.st.stm32cube.ide.mcu.externaltools.gnu-tools-for-stm32.13.3.rel1.win32_1.0.0.202411081344/tools/bin/../lib/gcc/arm-none-eabi/13.3.1/../../../../arm-none-eabi/lib/thumb/v7-m/nofp\libc_nano.a(libc_a-lock.o)
                0x08005930                __retarget_lock_acquire_recursive
 .text.__retarget_lock_release_recursive
                0x08005932        0x2 E:/STM32CubeIDE_1.18.1/STM32CubeIDE/plugins/com.st.stm32cube.ide.mcu.externaltools.gnu-tools-for-stm32.13.3.rel1.win32_1.0.0.202411081344/tools/bin/../lib/gcc/arm-none-eabi/13.3.1/../../../../arm-none-eabi/lib/thumb/v7-m/nofp\libc_nano.a(libc_a-lock.o)
                0x08005932                __retarget_lock_release_recursive
 .text._free_r  0x08005934       0x90 E:/STM32CubeIDE_1.18.1/STM32CubeIDE/plugins/com.st.stm32cube.ide.mcu.externaltools.gnu-tools-for-stm32.13.3.rel1.win32_1.0.0.202411081344/tools/bin/../lib/gcc/arm-none-eabi/13.3.1/../../../../arm-none-eabi/lib/thumb/v7-m/nofp\libc_nano.a(libc_a-freer.o)
                0x08005934                _free_r
 .text.__ssputs_r
                0x080059c4       0xb6 E:/STM32CubeIDE_1.18.1/STM32CubeIDE/plugins/com.st.stm32cube.ide.mcu.externaltools.gnu-tools-for-stm32.13.3.rel1.win32_1.0.0.202411081344/tools/bin/../lib/gcc/arm-none-eabi/13.3.1/../../../../arm-none-eabi/lib/thumb/v7-m/nofp\libc_nano.a(libc_a-nano-svfprintf.o)
                0x080059c4                __ssputs_r
 *fill*         0x08005a7a        0x2 
 .text._svfprintf_r
                0x08005a7c      0x1f8 E:/STM32CubeIDE_1.18.1/STM32CubeIDE/plugins/com.st.stm32cube.ide.mcu.externaltools.gnu-tools-for-stm32.13.3.rel1.win32_1.0.0.202411081344/tools/bin/../lib/gcc/arm-none-eabi/13.3.1/../../../../arm-none-eabi/lib/thumb/v7-m/nofp\libc_nano.a(libc_a-nano-svfprintf.o)
                0x08005a7c                _svfiprintf_r
                0x08005a7c                _svfprintf_r
 .text._sungetc_r
                0x08005c74       0x7a E:/STM32CubeIDE_1.18.1/STM32CubeIDE/plugins/com.st.stm32cube.ide.mcu.externaltools.gnu-tools-for-stm32.13.3.rel1.win32_1.0.0.202411081344/tools/bin/../lib/gcc/arm-none-eabi/13.3.1/../../../../arm-none-eabi/lib/thumb/v7-m/nofp\libc_nano.a(libc_a-nano-svfscanf.o)
                0x08005c74                _sungetc_r
 .text.__ssrefill_r
                0x08005cee       0x3a E:/STM32CubeIDE_1.18.1/STM32CubeIDE/plugins/com.st.stm32cube.ide.mcu.externaltools.gnu-tools-for-stm32.13.3.rel1.win32_1.0.0.202411081344/tools/bin/../lib/gcc/arm-none-eabi/13.3.1/../../../../arm-none-eabi/lib/thumb/v7-m/nofp\libc_nano.a(libc_a-nano-svfscanf.o)
                0x08005cee                __ssrefill_r
 .text.__ssvfscanf_r
                0x08005d28      0x2e8 E:/STM32CubeIDE_1.18.1/STM32CubeIDE/plugins/com.st.stm32cube.ide.mcu.externaltools.gnu-tools-for-stm32.13.3.rel1.win32_1.0.0.202411081344/tools/bin/../lib/gcc/arm-none-eabi/13.3.1/../../../../arm-none-eabi/lib/thumb/v7-m/nofp\libc_nano.a(libc_a-nano-svfscanf.o)
                0x08005d28                __ssvfiscanf_r
                0x08005d28                __ssvfscanf_r
 .text._printf_common
                0x08006010       0xe4 E:/STM32CubeIDE_1.18.1/STM32CubeIDE/plugins/com.st.stm32cube.ide.mcu.externaltools.gnu-tools-for-stm32.13.3.rel1.win32_1.0.0.202411081344/tools/bin/../lib/gcc/arm-none-eabi/13.3.1/../../../../arm-none-eabi/lib/thumb/v7-m/nofp\libc_nano.a(libc_a-nano-vfprintf_i.o)
                0x08006010                _printf_common
 .text._printf_i
                0x080060f4      0x23c E:/STM32CubeIDE_1.18.1/STM32CubeIDE/plugins/com.st.stm32cube.ide.mcu.externaltools.gnu-tools-for-stm32.13.3.rel1.win32_1.0.0.202411081344/tools/bin/../lib/gcc/arm-none-eabi/13.3.1/../../../../arm-none-eabi/lib/thumb/v7-m/nofp\libc_nano.a(libc_a-nano-vfprintf_i.o)
                0x080060f4                _printf_i
 .text._scanf_chars
                0x08006330       0xb4 E:/STM32CubeIDE_1.18.1/STM32CubeIDE/plugins/com.st.stm32cube.ide.mcu.externaltools.gnu-tools-for-stm32.13.3.rel1.win32_1.0.0.202411081344/tools/bin/../lib/gcc/arm-none-eabi/13.3.1/../../../../arm-none-eabi/lib/thumb/v7-m/nofp\libc_nano.a(libc_a-nano-vfscanf_i.o)
                0x08006330                _scanf_chars
 .text._scanf_i
                0x080063e4      0x1e4 E:/STM32CubeIDE_1.18.1/STM32CubeIDE/plugins/com.st.stm32cube.ide.mcu.externaltools.gnu-tools-for-stm32.13.3.rel1.win32_1.0.0.202411081344/tools/bin/../lib/gcc/arm-none-eabi/13.3.1/../../../../arm-none-eabi/lib/thumb/v7-m/nofp\libc_nano.a(libc_a-nano-vfscanf_i.o)
                0x080063e4                _scanf_i
 .text.__sccl   0x080065c8       0x72 E:/STM32CubeIDE_1.18.1/STM32CubeIDE/plugins/com.st.stm32cube.ide.mcu.externaltools.gnu-tools-for-stm32.13.3.rel1.win32_1.0.0.202411081344/tools/bin/../lib/gcc/arm-none-eabi/13.3.1/../../../../arm-none-eabi/lib/thumb/v7-m/nofp\libc_nano.a(libc_a-sccl.o)
                0x080065c8                __sccl
 .text.__submore
                0x0800663a       0x70 E:/STM32CubeIDE_1.18.1/STM32CubeIDE/plugins/com.st.stm32cube.ide.mcu.externaltools.gnu-tools-for-stm32.13.3.rel1.win32_1.0.0.202411081344/tools/bin/../lib/gcc/arm-none-eabi/13.3.1/../../../../arm-none-eabi/lib/thumb/v7-m/nofp\libc_nano.a(libc_a-ungetc.o)
                0x0800663a                __submore
 .text.memmove  0x080066aa       0x34 E:/STM32CubeIDE_1.18.1/STM32CubeIDE/plugins/com.st.stm32cube.ide.mcu.externaltools.gnu-tools-for-stm32.13.3.rel1.win32_1.0.0.202411081344/tools/bin/../lib/gcc/arm-none-eabi/13.3.1/../../../../arm-none-eabi/lib/thumb/v7-m/nofp\libc_nano.a(libc_a-memmove.o)
                0x080066aa                memmove
 .text.memchr   0x080066de       0x1c E:/STM32CubeIDE_1.18.1/STM32CubeIDE/plugins/com.st.stm32cube.ide.mcu.externaltools.gnu-tools-for-stm32.13.3.rel1.win32_1.0.0.202411081344/tools/bin/../lib/gcc/arm-none-eabi/13.3.1/../../../../arm-none-eabi/lib/thumb/v7-m/nofp\libc_nano.a(libc_a-memchr-stub.o)
                0x080066de                memchr
 .text.memcpy   0x080066fa       0x1c E:/STM32CubeIDE_1.18.1/STM32CubeIDE/plugins/com.st.stm32cube.ide.mcu.externaltools.gnu-tools-for-stm32.13.3.rel1.win32_1.0.0.202411081344/tools/bin/../lib/gcc/arm-none-eabi/13.3.1/../../../../arm-none-eabi/lib/thumb/v7-m/nofp\libc_nano.a(libc_a-memcpy-stub.o)
                0x080066fa                memcpy
 .text._realloc_r
                0x08006716       0x5c E:/STM32CubeIDE_1.18.1/STM32CubeIDE/plugins/com.st.stm32cube.ide.mcu.externaltools.gnu-tools-for-stm32.13.3.rel1.win32_1.0.0.202411081344/tools/bin/../lib/gcc/arm-none-eabi/13.3.1/../../../../arm-none-eabi/lib/thumb/v7-m/nofp\libc_nano.a(libc_a-reallocr.o)
                0x08006716                _realloc_r
 *fill*         0x08006772        0x2 
 .text._strtol_l.isra.0
                0x08006774       0xf4 E:/STM32CubeIDE_1.18.1/STM32CubeIDE/plugins/com.st.stm32cube.ide.mcu.externaltools.gnu-tools-for-stm32.13.3.rel1.win32_1.0.0.202411081344/tools/bin/../lib/gcc/arm-none-eabi/13.3.1/../../../../arm-none-eabi/lib/thumb/v7-m/nofp\libc_nano.a(libc_a-strtol.o)
 .text._strtol_r
                0x08006868        0x4 E:/STM32CubeIDE_1.18.1/STM32CubeIDE/plugins/com.st.stm32cube.ide.mcu.externaltools.gnu-tools-for-stm32.13.3.rel1.win32_1.0.0.202411081344/tools/bin/../lib/gcc/arm-none-eabi/13.3.1/../../../../arm-none-eabi/lib/thumb/v7-m/nofp\libc_nano.a(libc_a-strtol.o)
                0x08006868                _strtol_r
 .text._strtoul_l.isra.0
                0x0800686c       0xdc E:/STM32CubeIDE_1.18.1/STM32CubeIDE/plugins/com.st.stm32cube.ide.mcu.externaltools.gnu-tools-for-stm32.13.3.rel1.win32_1.0.0.202411081344/tools/bin/../lib/gcc/arm-none-eabi/13.3.1/../../../../arm-none-eabi/lib/thumb/v7-m/nofp\libc_nano.a(libc_a-strtoul.o)
 .text._strtoul_r
                0x08006948        0x4 E:/STM32CubeIDE_1.18.1/STM32CubeIDE/plugins/com.st.stm32cube.ide.mcu.externaltools.gnu-tools-for-stm32.13.3.rel1.win32_1.0.0.202411081344/tools/bin/../lib/gcc/arm-none-eabi/13.3.1/../../../../arm-none-eabi/lib/thumb/v7-m/nofp\libc_nano.a(libc_a-strtoul.o)
                0x08006948                _strtoul_r
 .text._malloc_usable_size_r
                0x0800694c       0x10 E:/STM32CubeIDE_1.18.1/STM32CubeIDE/plugins/com.st.stm32cube.ide.mcu.externaltools.gnu-tools-for-stm32.13.3.rel1.win32_1.0.0.202411081344/tools/bin/../lib/gcc/arm-none-eabi/13.3.1/../../../../arm-none-eabi/lib/thumb/v7-m/nofp\libc_nano.a(libc_a-msizer.o)
                0x0800694c                _malloc_usable_size_r
 .text.sinf     0x0800695c       0x74 E:/STM32CubeIDE_1.18.1/STM32CubeIDE/plugins/com.st.stm32cube.ide.mcu.externaltools.gnu-tools-for-stm32.13.3.rel1.win32_1.0.0.202411081344/tools/bin/../lib/gcc/arm-none-eabi/13.3.1/../../../../arm-none-eabi/lib/thumb/v7-m/nofp\libm.a(libm_a-sf_sin.o)
                0x0800695c                sinf
 .text.__kernel_cosf
                0x080069d0      0x100 E:/STM32CubeIDE_1.18.1/STM32CubeIDE/plugins/com.st.stm32cube.ide.mcu.externaltools.gnu-tools-for-stm32.13.3.rel1.win32_1.0.0.202411081344/tools/bin/../lib/gcc/arm-none-eabi/13.3.1/../../../../arm-none-eabi/lib/thumb/v7-m/nofp\libm.a(libm_a-kf_cos.o)
                0x080069d0                __kernel_cosf
 .text.__kernel_sinf
                0x08006ad0       0xec E:/STM32CubeIDE_1.18.1/STM32CubeIDE/plugins/com.st.stm32cube.ide.mcu.externaltools.gnu-tools-for-stm32.13.3.rel1.win32_1.0.0.202411081344/tools/bin/../lib/gcc/arm-none-eabi/13.3.1/../../../../arm-none-eabi/lib/thumb/v7-m/nofp\libm.a(libm_a-kf_sin.o)
                0x08006ad0                __kernel_sinf
 .text.__ieee754_rem_pio2f
                0x08006bbc      0x2cc E:/STM32CubeIDE_1.18.1/STM32CubeIDE/plugins/com.st.stm32cube.ide.mcu.externaltools.gnu-tools-for-stm32.13.3.rel1.win32_1.0.0.202411081344/tools/bin/../lib/gcc/arm-none-eabi/13.3.1/../../../../arm-none-eabi/lib/thumb/v7-m/nofp\libm.a(libm_a-ef_rem_pio2.o)
                0x08006bbc                __ieee754_rem_pio2f
 .text.fabsf    0x08006e88        0x6 E:/STM32CubeIDE_1.18.1/STM32CubeIDE/plugins/com.st.stm32cube.ide.mcu.externaltools.gnu-tools-for-stm32.13.3.rel1.win32_1.0.0.202411081344/tools/bin/../lib/gcc/arm-none-eabi/13.3.1/../../../../arm-none-eabi/lib/thumb/v7-m/nofp\libm.a(libm_a-sf_fabs.o)
                0x08006e88                fabsf
 *fill*         0x08006e8e        0x2 
 .text.__kernel_rem_pio2f
                0x08006e90      0x53c E:/STM32CubeIDE_1.18.1/STM32CubeIDE/plugins/com.st.stm32cube.ide.mcu.externaltools.gnu-tools-for-stm32.13.3.rel1.win32_1.0.0.202411081344/tools/bin/../lib/gcc/arm-none-eabi/13.3.1/../../../../arm-none-eabi/lib/thumb/v7-m/nofp\libm.a(libm_a-kf_rem_pio2.o)
                0x08006e90                __kernel_rem_pio2f
 .text.scalbnf  0x080073cc       0x98 E:/STM32CubeIDE_1.18.1/STM32CubeIDE/plugins/com.st.stm32cube.ide.mcu.externaltools.gnu-tools-for-stm32.13.3.rel1.win32_1.0.0.202411081344/tools/bin/../lib/gcc/arm-none-eabi/13.3.1/../../../../arm-none-eabi/lib/thumb/v7-m/nofp\libm.a(libm_a-sf_scalbn.o)
                0x080073cc                scalbnf
 .text.floorf   0x08007464       0x84 E:/STM32CubeIDE_1.18.1/STM32CubeIDE/plugins/com.st.stm32cube.ide.mcu.externaltools.gnu-tools-for-stm32.13.3.rel1.win32_1.0.0.202411081344/tools/bin/../lib/gcc/arm-none-eabi/13.3.1/../../../../arm-none-eabi/lib/thumb/v7-m/nofp\libm.a(libm_a-sf_floor.o)
                0x08007464                floorf
 *(.glue_7)
 .glue_7        0x080074e8        0x0 linker stubs
 *(.glue_7t)
 .glue_7t       0x080074e8        0x0 linker stubs
 *(.eh_frame)
 .eh_frame      0x080074e8        0x0 E:/STM32CubeIDE_1.18.1/STM32CubeIDE/plugins/com.st.stm32cube.ide.mcu.externaltools.gnu-tools-for-stm32.13.3.rel1.win32_1.0.0.202411081344/tools/bin/../lib/gcc/arm-none-eabi/13.3.1/thumb/v7-m/nofp/crtbegin.o
 *(.init)
 .init          0x080074e8        0x4 E:/STM32CubeIDE_1.18.1/STM32CubeIDE/plugins/com.st.stm32cube.ide.mcu.externaltools.gnu-tools-for-stm32.13.3.rel1.win32_1.0.0.202411081344/tools/bin/../lib/gcc/arm-none-eabi/13.3.1/thumb/v7-m/nofp/crti.o
                0x080074e8                _init
 .init          0x080074ec        0x8 E:/STM32CubeIDE_1.18.1/STM32CubeIDE/plugins/com.st.stm32cube.ide.mcu.externaltools.gnu-tools-for-stm32.13.3.rel1.win32_1.0.0.202411081344/tools/bin/../lib/gcc/arm-none-eabi/13.3.1/thumb/v7-m/nofp/crtn.o
 *(.fini)
 .fini          0x080074f4        0x4 E:/STM32CubeIDE_1.18.1/STM32CubeIDE/plugins/com.st.stm32cube.ide.mcu.externaltools.gnu-tools-for-stm32.13.3.rel1.win32_1.0.0.202411081344/tools/bin/../lib/gcc/arm-none-eabi/13.3.1/thumb/v7-m/nofp/crti.o
                0x080074f4                _fini
 .fini          0x080074f8        0x8 E:/STM32CubeIDE_1.18.1/STM32CubeIDE/plugins/com.st.stm32cube.ide.mcu.externaltools.gnu-tools-for-stm32.13.3.rel1.win32_1.0.0.202411081344/tools/bin/../lib/gcc/arm-none-eabi/13.3.1/thumb/v7-m/nofp/crtn.o
                0x08007500                        . = ALIGN (0x4)
                0x08007500                        _etext = .

.vfp11_veneer   0x08007500        0x0
 .vfp11_veneer  0x08007500        0x0 linker stubs

.v4_bx          0x08007500        0x0
 .v4_bx         0x08007500        0x0 linker stubs

.iplt           0x08007500        0x0
 .iplt          0x08007500        0x0 E:/STM32CubeIDE_1.18.1/STM32CubeIDE/plugins/com.st.stm32cube.ide.mcu.externaltools.gnu-tools-for-stm32.13.3.rel1.win32_1.0.0.202411081344/tools/bin/../lib/gcc/arm-none-eabi/13.3.1/thumb/v7-m/nofp/crtbegin.o

.rodata         0x08007500     0x1380
                0x08007500                        . = ALIGN (0x4)
 *(.rodata)
 .rodata        0x08007500      0x181 ./Core/Src/main.o
 *fill*         0x08007681        0x3 
 .rodata        0x08007684        0xc E:/STM32CubeIDE_1.18.1/STM32CubeIDE/plugins/com.st.stm32cube.ide.mcu.externaltools.gnu-tools-for-stm32.13.3.rel1.win32_1.0.0.202411081344/tools/bin/../lib/gcc/arm-none-eabi/13.3.1/../../../../arm-none-eabi/lib/thumb/v7-m/nofp\libc_nano.a(libc_a-nano-vfscanf_i.o)
 *(.rodata*)
 .rodata.ascii_8x6
                0x08007690      0x228 ./Core/Src/TFTc/font.o
                0x08007690                ascii_8x6
 .rodata.afont8x6
                0x080078b8        0x8 ./Core/Src/TFTc/font.o
                0x080078b8                afont8x6
 .rodata.ascii_12x6
                0x080078c0      0x474 ./Core/Src/TFTc/font.o
                0x080078c0                ascii_12x6
 .rodata.afont12x6
                0x08007d34        0x8 ./Core/Src/TFTc/font.o
                0x08007d34                afont12x6
 .rodata.ascii_16x8
                0x08007d3c      0x5f0 ./Core/Src/TFTc/font.o
                0x08007d3c                ascii_16x8
 .rodata.afont16x8
                0x0800832c        0x8 ./Core/Src/TFTc/font.o
                0x0800832c                afont16x8
 .rodata.AHBPrescTable
                0x08008334       0x10 ./Core/Src/system_stm32f1xx.o
                0x08008334                AHBPrescTable
 .rodata.APBPrescTable
                0x08008344        0x8 ./Core/Src/system_stm32f1xx.o
                0x08008344                APBPrescTable
 .rodata.aPLLMULFactorTable.1
                0x0800834c       0x10 ./Drivers/STM32F1xx_HAL_Driver/Src/stm32f1xx_hal_rcc.o
 .rodata.aPredivFactorTable.0
                0x0800835c        0x2 ./Drivers/STM32F1xx_HAL_Driver/Src/stm32f1xx_hal_rcc.o
 .rodata._svfprintf_r.str1.1
                0x0800835e       0x4e E:/STM32CubeIDE_1.18.1/STM32CubeIDE/plugins/com.st.stm32cube.ide.mcu.externaltools.gnu-tools-for-stm32.13.3.rel1.win32_1.0.0.202411081344/tools/bin/../lib/gcc/arm-none-eabi/13.3.1/../../../../arm-none-eabi/lib/thumb/v7-m/nofp\libc_nano.a(libc_a-nano-svfprintf.o)
                                 0x11 (size before relaxing)
 .rodata.__ssvfscanf_r.str1.1
                0x080083ac        0x4 E:/STM32CubeIDE_1.18.1/STM32CubeIDE/plugins/com.st.stm32cube.ide.mcu.externaltools.gnu-tools-for-stm32.13.3.rel1.win32_1.0.0.202411081344/tools/bin/../lib/gcc/arm-none-eabi/13.3.1/../../../../arm-none-eabi/lib/thumb/v7-m/nofp\libc_nano.a(libc_a-nano-svfscanf.o)
 .rodata._printf_i.str1.1
                0x080083ac       0x22 E:/STM32CubeIDE_1.18.1/STM32CubeIDE/plugins/com.st.stm32cube.ide.mcu.externaltools.gnu-tools-for-stm32.13.3.rel1.win32_1.0.0.202411081344/tools/bin/../lib/gcc/arm-none-eabi/13.3.1/../../../../arm-none-eabi/lib/thumb/v7-m/nofp\libc_nano.a(libc_a-nano-vfprintf_i.o)
 .rodata._scanf_i.str1.1
                0x080083ac       0x12 E:/STM32CubeIDE_1.18.1/STM32CubeIDE/plugins/com.st.stm32cube.ide.mcu.externaltools.gnu-tools-for-stm32.13.3.rel1.win32_1.0.0.202411081344/tools/bin/../lib/gcc/arm-none-eabi/13.3.1/../../../../arm-none-eabi/lib/thumb/v7-m/nofp\libc_nano.a(libc_a-nano-vfscanf_i.o)
 .rodata.str1.1
                0x080083ac        0x9 E:/STM32CubeIDE_1.18.1/STM32CubeIDE/plugins/com.st.stm32cube.ide.mcu.externaltools.gnu-tools-for-stm32.13.3.rel1.win32_1.0.0.202411081344/tools/bin/../lib/gcc/arm-none-eabi/13.3.1/../../../../arm-none-eabi/lib/thumb/v7-m/nofp\libc_nano.a(libc_a-nano-vfscanf_i.o)
 .rodata._ctype_
                0x080083ac      0x101 E:/STM32CubeIDE_1.18.1/STM32CubeIDE/plugins/com.st.stm32cube.ide.mcu.externaltools.gnu-tools-for-stm32.13.3.rel1.win32_1.0.0.202411081344/tools/bin/../lib/gcc/arm-none-eabi/13.3.1/../../../../arm-none-eabi/lib/thumb/v7-m/nofp\libc_nano.a(libc_a-ctype_.o)
                0x080083ac                _ctype_
 *fill*         0x080084ad        0x3 
 .rodata.npio2_hw
                0x080084b0       0x80 E:/STM32CubeIDE_1.18.1/STM32CubeIDE/plugins/com.st.stm32cube.ide.mcu.externaltools.gnu-tools-for-stm32.13.3.rel1.win32_1.0.0.202411081344/tools/bin/../lib/gcc/arm-none-eabi/13.3.1/../../../../arm-none-eabi/lib/thumb/v7-m/nofp\libm.a(libm_a-ef_rem_pio2.o)
 .rodata.two_over_pi
                0x08008530      0x318 E:/STM32CubeIDE_1.18.1/STM32CubeIDE/plugins/com.st.stm32cube.ide.mcu.externaltools.gnu-tools-for-stm32.13.3.rel1.win32_1.0.0.202411081344/tools/bin/../lib/gcc/arm-none-eabi/13.3.1/../../../../arm-none-eabi/lib/thumb/v7-m/nofp\libm.a(libm_a-ef_rem_pio2.o)
 .rodata.PIo2   0x08008848       0x2c E:/STM32CubeIDE_1.18.1/STM32CubeIDE/plugins/com.st.stm32cube.ide.mcu.externaltools.gnu-tools-for-stm32.13.3.rel1.win32_1.0.0.202411081344/tools/bin/../lib/gcc/arm-none-eabi/13.3.1/../../../../arm-none-eabi/lib/thumb/v7-m/nofp\libm.a(libm_a-kf_rem_pio2.o)
 .rodata.init_jk
                0x08008874        0xc E:/STM32CubeIDE_1.18.1/STM32CubeIDE/plugins/com.st.stm32cube.ide.mcu.externaltools.gnu-tools-for-stm32.13.3.rel1.win32_1.0.0.202411081344/tools/bin/../lib/gcc/arm-none-eabi/13.3.1/../../../../arm-none-eabi/lib/thumb/v7-m/nofp\libm.a(libm_a-kf_rem_pio2.o)
                0x08008880                        . = ALIGN (0x4)

.ARM.extab      0x08008880        0x0
                0x08008880                        . = ALIGN (0x4)
 *(.ARM.extab* .gnu.linkonce.armextab.*)
                0x08008880                        . = ALIGN (0x4)

.ARM            0x08008880        0x8
                0x08008880                        . = ALIGN (0x4)
                0x08008880                        __exidx_start = .
 *(.ARM.exidx*)
 .ARM.exidx     0x08008880        0x8 E:/STM32CubeIDE_1.18.1/STM32CubeIDE/plugins/com.st.stm32cube.ide.mcu.externaltools.gnu-tools-for-stm32.13.3.rel1.win32_1.0.0.202411081344/tools/bin/../lib/gcc/arm-none-eabi/13.3.1/../../../../arm-none-eabi/lib/thumb/v7-m/nofp\libc_nano.a(libc_a-strlen.o)
                0x08008888                        __exidx_end = .
                0x08008888                        . = ALIGN (0x4)

.preinit_array  0x08008888        0x0
                0x08008888                        . = ALIGN (0x4)
                0x08008888                        PROVIDE (__preinit_array_start = .)
 *(.preinit_array*)
                0x08008888                        PROVIDE (__preinit_array_end = .)
                0x08008888                        . = ALIGN (0x4)

.init_array     0x08008888        0x4
                0x08008888                        . = ALIGN (0x4)
                0x08008888                        PROVIDE (__init_array_start = .)
 *(SORT_BY_NAME(.init_array.*))
 *(.init_array*)
 .init_array    0x08008888        0x4 E:/STM32CubeIDE_1.18.1/STM32CubeIDE/plugins/com.st.stm32cube.ide.mcu.externaltools.gnu-tools-for-stm32.13.3.rel1.win32_1.0.0.202411081344/tools/bin/../lib/gcc/arm-none-eabi/13.3.1/thumb/v7-m/nofp/crtbegin.o
                0x0800888c                        PROVIDE (__init_array_end = .)
                0x0800888c                        . = ALIGN (0x4)

.fini_array     0x0800888c        0x4
                0x0800888c                        . = ALIGN (0x4)
                [!provide]                        PROVIDE (__fini_array_start = .)
 *(SORT_BY_NAME(.fini_array.*))
 *(.fini_array*)
 .fini_array    0x0800888c        0x4 E:/STM32CubeIDE_1.18.1/STM32CubeIDE/plugins/com.st.stm32cube.ide.mcu.externaltools.gnu-tools-for-stm32.13.3.rel1.win32_1.0.0.202411081344/tools/bin/../lib/gcc/arm-none-eabi/13.3.1/thumb/v7-m/nofp/crtbegin.o
                [!provide]                        PROVIDE (__fini_array_end = .)
                0x08008890                        . = ALIGN (0x4)
                0x08008890                        _sidata = LOADADDR (.data)

.rel.dyn        0x08008890        0x0
 .rel.iplt      0x08008890        0x0 E:/STM32CubeIDE_1.18.1/STM32CubeIDE/plugins/com.st.stm32cube.ide.mcu.externaltools.gnu-tools-for-stm32.13.3.rel1.win32_1.0.0.202411081344/tools/bin/../lib/gcc/arm-none-eabi/13.3.1/thumb/v7-m/nofp/crtbegin.o

.data           0x20000000       0x8c load address 0x08008890
                0x20000000                        . = ALIGN (0x4)
                0x20000000                        _sdata = .
 *(.data)
 *(.data*)
 .data.time_base
                0x20000000        0x4 ./Core/Src/main.o
                0x20000000                time_base
 .data.voltage_scale
                0x20000004        0x4 ./Core/Src/main.o
                0x20000004                voltage_scale
 .data.trigger_level
                0x20000008        0x4 ./Core/Src/main.o
                0x20000008                trigger_level
 .data.run_state
                0x2000000c        0x1 ./Core/Src/main.o
                0x2000000c                run_state
 .data.channel1_enabled
                0x2000000d        0x1 ./Core/Src/main.o
                0x2000000d                channel1_enabled
 *fill*         0x2000000e        0x2 
 .data.coupling_mode
                0x20000010        0x4 ./Core/Src/main.o
                0x20000010                coupling_mode
 .data.trigger_mode
                0x20000014        0x5 ./Core/Src/main.o
                0x20000014                trigger_mode
 *fill*         0x20000019        0x3 
 .data.trigger_sweep
                0x2000001c        0x7 ./Core/Src/main.o
                0x2000001c                trigger_sweep
 *fill*         0x20000023        0x1 
 .data.signal_frequency
                0x20000024        0x4 ./Core/Src/main.o
                0x20000024                signal_frequency
 .data.signal_amplitude
                0x20000028        0x4 ./Core/Src/main.o
                0x20000028                signal_amplitude
 .data.show_measurement
                0x2000002c        0x1 ./Core/Src/main.o
                0x2000002c                show_measurement
 *fill*         0x2000002d        0x3 
 .data.SystemCoreClock
                0x20000030        0x4 ./Core/Src/system_stm32f1xx.o
                0x20000030                SystemCoreClock
 .data.uwTickPrio
                0x20000034        0x4 ./Drivers/STM32F1xx_HAL_Driver/Src/stm32f1xx_hal.o
                0x20000034                uwTickPrio
 .data.uwTickFreq
                0x20000038        0x1 ./Drivers/STM32F1xx_HAL_Driver/Src/stm32f1xx_hal.o
                0x20000038                uwTickFreq
 *fill*         0x20000039        0x3 
 .data._impure_ptr
                0x2000003c        0x4 E:/STM32CubeIDE_1.18.1/STM32CubeIDE/plugins/com.st.stm32cube.ide.mcu.externaltools.gnu-tools-for-stm32.13.3.rel1.win32_1.0.0.202411081344/tools/bin/../lib/gcc/arm-none-eabi/13.3.1/../../../../arm-none-eabi/lib/thumb/v7-m/nofp\libc_nano.a(libc_a-impure.o)
                0x2000003c                _impure_ptr
 .data._impure_data
                0x20000040       0x4c E:/STM32CubeIDE_1.18.1/STM32CubeIDE/plugins/com.st.stm32cube.ide.mcu.externaltools.gnu-tools-for-stm32.13.3.rel1.win32_1.0.0.202411081344/tools/bin/../lib/gcc/arm-none-eabi/13.3.1/../../../../arm-none-eabi/lib/thumb/v7-m/nofp\libc_nano.a(libc_a-impure.o)
                0x20000040                _impure_data
 *(.RamFunc)
 *(.RamFunc*)
                0x2000008c                        . = ALIGN (0x4)
                0x2000008c                        _edata = .

.igot.plt       0x2000008c        0x0 load address 0x0800891c
 .igot.plt      0x2000008c        0x0 E:/STM32CubeIDE_1.18.1/STM32CubeIDE/plugins/com.st.stm32cube.ide.mcu.externaltools.gnu-tools-for-stm32.13.3.rel1.win32_1.0.0.202411081344/tools/bin/../lib/gcc/arm-none-eabi/13.3.1/thumb/v7-m/nofp/crtbegin.o
                0x2000008c                        . = ALIGN (0x4)

.bss            0x2000008c      0x5c4 load address 0x0800891c
                0x2000008c                        _sbss = .
                0x2000008c                        __bss_start__ = _sbss
 *(.bss)
 .bss           0x2000008c       0x1c E:/STM32CubeIDE_1.18.1/STM32CubeIDE/plugins/com.st.stm32cube.ide.mcu.externaltools.gnu-tools-for-stm32.13.3.rel1.win32_1.0.0.202411081344/tools/bin/../lib/gcc/arm-none-eabi/13.3.1/thumb/v7-m/nofp/crtbegin.o
 *(.bss*)
 .bss.g_tft_handles
                0x200000a8       0x10 ./Core/Src/TFTc/TFT_io.o
 .bss.htft1     0x200000b8       0x34 ./Core/Src/main.o
                0x200000b8                htft1
 .bss.htft2     0x200000ec       0x34 ./Core/Src/main.o
                0x200000ec                htft2
 .bss.waveform_data
                0x20000120      0x1e0 ./Core/Src/main.o
                0x20000120                waveform_data
 .bss.text_buffer
                0x20000300       0x32 ./Core/Src/main.o
                0x20000300                text_buffer
 .bss.channel2_enabled
                0x20000332        0x1 ./Core/Src/main.o
                0x20000332                channel2_enabled
 *fill*         0x20000333        0x1 
 .bss.signal_offset
                0x20000334        0x4 ./Core/Src/main.o
                0x20000334                signal_offset
 .bss.uart_rx_buffer
                0x20000338       0x40 ./Core/Src/main.o
                0x20000338                uart_rx_buffer
 .bss.uart_rx_data
                0x20000378        0x1 ./Core/Src/main.o
                0x20000378                uart_rx_data
 *fill*         0x20000379        0x1 
 .bss.uart_rx_index
                0x2000037a        0x2 ./Core/Src/main.o
                0x2000037a                uart_rx_index
 .bss.uart_rx_complete
                0x2000037c        0x1 ./Core/Src/main.o
                0x2000037c                uart_rx_complete
 *fill*         0x2000037d        0x3 
 .bss.hspi1     0x20000380       0x58 ./Core/Src/spi.o
                0x20000380                hspi1
 .bss.hspi2     0x200003d8       0x58 ./Core/Src/spi.o
                0x200003d8                hspi2
 .bss.hdma_spi1_tx
                0x20000430       0x44 ./Core/Src/spi.o
                0x20000430                hdma_spi1_tx
 .bss.hdma_spi2_tx
                0x20000474       0x44 ./Core/Src/spi.o
                0x20000474                hdma_spi2_tx
 .bss.__sbrk_heap_end
                0x200004b8        0x4 ./Core/Src/sysmem.o
 .bss.huart1    0x200004bc       0x48 ./Core/Src/usart.o
                0x200004bc                huart1
 .bss.uwTick    0x20000504        0x4 ./Drivers/STM32F1xx_HAL_Driver/Src/stm32f1xx_hal.o
                0x20000504                uwTick
 .bss.__malloc_sbrk_start
                0x20000508        0x4 E:/STM32CubeIDE_1.18.1/STM32CubeIDE/plugins/com.st.stm32cube.ide.mcu.externaltools.gnu-tools-for-stm32.13.3.rel1.win32_1.0.0.202411081344/tools/bin/../lib/gcc/arm-none-eabi/13.3.1/../../../../arm-none-eabi/lib/thumb/v7-m/nofp\libc_nano.a(libc_a-mallocr.o)
                0x20000508                __malloc_sbrk_start
 .bss.__malloc_free_list
                0x2000050c        0x4 E:/STM32CubeIDE_1.18.1/STM32CubeIDE/plugins/com.st.stm32cube.ide.mcu.externaltools.gnu-tools-for-stm32.13.3.rel1.win32_1.0.0.202411081344/tools/bin/../lib/gcc/arm-none-eabi/13.3.1/../../../../arm-none-eabi/lib/thumb/v7-m/nofp\libc_nano.a(libc_a-mallocr.o)
                0x2000050c                __malloc_free_list
 .bss.__sf      0x20000510      0x138 E:/STM32CubeIDE_1.18.1/STM32CubeIDE/plugins/com.st.stm32cube.ide.mcu.externaltools.gnu-tools-for-stm32.13.3.rel1.win32_1.0.0.202411081344/tools/bin/../lib/gcc/arm-none-eabi/13.3.1/../../../../arm-none-eabi/lib/thumb/v7-m/nofp\libc_nano.a(libc_a-findfp.o)
                0x20000510                __sf
 .bss.errno     0x20000648        0x4 E:/STM32CubeIDE_1.18.1/STM32CubeIDE/plugins/com.st.stm32cube.ide.mcu.externaltools.gnu-tools-for-stm32.13.3.rel1.win32_1.0.0.202411081344/tools/bin/../lib/gcc/arm-none-eabi/13.3.1/../../../../arm-none-eabi/lib/thumb/v7-m/nofp\libc_nano.a(libc_a-reent.o)
                0x20000648                errno
 .bss.__lock___malloc_recursive_mutex
                0x2000064c        0x1 E:/STM32CubeIDE_1.18.1/STM32CubeIDE/plugins/com.st.stm32cube.ide.mcu.externaltools.gnu-tools-for-stm32.13.3.rel1.win32_1.0.0.202411081344/tools/bin/../lib/gcc/arm-none-eabi/13.3.1/../../../../arm-none-eabi/lib/thumb/v7-m/nofp\libc_nano.a(libc_a-lock.o)
                0x2000064c                __lock___malloc_recursive_mutex
 *(COMMON)
                0x20000650                        . = ALIGN (0x4)
 *fill*         0x2000064d        0x3 
                0x20000650                        _ebss = .
                0x20000650                        __bss_end__ = _ebss

._user_heap_stack
                0x20000650      0x600 load address 0x0800891c
                0x20000650                        . = ALIGN (0x8)
                [!provide]                        PROVIDE (end = .)
                0x20000650                        PROVIDE (_end = .)
                0x20000850                        . = (. + _Min_Heap_Size)
 *fill*         0x20000650      0x200 
                0x20000c50                        . = (. + _Min_Stack_Size)
 *fill*         0x20000850      0x400 
                0x20000c50                        . = ALIGN (0x8)

/DISCARD/
 libc.a(*)
 libm.a(*)
 libgcc.a(*)

.ARM.attributes
                0x00000000       0x29
 *(.ARM.attributes)
 .ARM.attributes
                0x00000000       0x1d E:/STM32CubeIDE_1.18.1/STM32CubeIDE/plugins/com.st.stm32cube.ide.mcu.externaltools.gnu-tools-for-stm32.13.3.rel1.win32_1.0.0.202411081344/tools/bin/../lib/gcc/arm-none-eabi/13.3.1/thumb/v7-m/nofp/crti.o
 .ARM.attributes
                0x0000001d       0x2d E:/STM32CubeIDE_1.18.1/STM32CubeIDE/plugins/com.st.stm32cube.ide.mcu.externaltools.gnu-tools-for-stm32.13.3.rel1.win32_1.0.0.202411081344/tools/bin/../lib/gcc/arm-none-eabi/13.3.1/thumb/v7-m/nofp/crtbegin.o
 .ARM.attributes
                0x0000004a       0x2d ./Core/Src/TFTc/TFT_CAD.o
 .ARM.attributes
                0x00000077       0x2d ./Core/Src/TFTc/TFT_init.o
 .ARM.attributes
                0x000000a4       0x2d ./Core/Src/TFTc/TFT_io.o
 .ARM.attributes
                0x000000d1       0x2d ./Core/Src/TFTc/TFT_text.o
 .ARM.attributes
                0x000000fe       0x2d ./Core/Src/TFTc/font.o
 .ARM.attributes
                0x0000012b       0x2d ./Core/Src/dma.o
 .ARM.attributes
                0x00000158       0x2d ./Core/Src/gpio.o
 .ARM.attributes
                0x00000185       0x2d ./Core/Src/main.o
 .ARM.attributes
                0x000001b2       0x2d ./Core/Src/spi.o
 .ARM.attributes
                0x000001df       0x2d ./Core/Src/stm32f1xx_hal_msp.o
 .ARM.attributes
                0x0000020c       0x2d ./Core/Src/stm32f1xx_it.o
 .ARM.attributes
                0x00000239       0x2d ./Core/Src/sysmem.o
 .ARM.attributes
                0x00000266       0x2d ./Core/Src/system_stm32f1xx.o
 .ARM.attributes
                0x00000293       0x2d ./Core/Src/usart.o
 .ARM.attributes
                0x000002c0       0x21 ./Core/Startup/startup_stm32f103c8tx.o
 .ARM.attributes
                0x000002e1       0x2d ./Drivers/STM32F1xx_HAL_Driver/Src/stm32f1xx_hal.o
 .ARM.attributes
                0x0000030e       0x2d ./Drivers/STM32F1xx_HAL_Driver/Src/stm32f1xx_hal_cortex.o
 .ARM.attributes
                0x0000033b       0x2d ./Drivers/STM32F1xx_HAL_Driver/Src/stm32f1xx_hal_dma.o
 .ARM.attributes
                0x00000368       0x2d ./Drivers/STM32F1xx_HAL_Driver/Src/stm32f1xx_hal_gpio.o
 .ARM.attributes
                0x00000395       0x2d ./Drivers/STM32F1xx_HAL_Driver/Src/stm32f1xx_hal_rcc.o
 .ARM.attributes
                0x000003c2       0x2d ./Drivers/STM32F1xx_HAL_Driver/Src/stm32f1xx_hal_spi.o
 .ARM.attributes
                0x000003ef       0x2d ./Drivers/STM32F1xx_HAL_Driver/Src/stm32f1xx_hal_uart.o
 .ARM.attributes
                0x0000041c       0x2d E:/STM32CubeIDE_1.18.1/STM32CubeIDE/plugins/com.st.stm32cube.ide.mcu.externaltools.gnu-tools-for-stm32.13.3.rel1.win32_1.0.0.202411081344/tools/bin/../lib/gcc/arm-none-eabi/13.3.1/../../../../arm-none-eabi/lib/thumb/v7-m/nofp\libc_nano.a(libc_a-malloc.o)
 .ARM.attributes
                0x00000449       0x2d E:/STM32CubeIDE_1.18.1/STM32CubeIDE/plugins/com.st.stm32cube.ide.mcu.externaltools.gnu-tools-for-stm32.13.3.rel1.win32_1.0.0.202411081344/tools/bin/../lib/gcc/arm-none-eabi/13.3.1/../../../../arm-none-eabi/lib/thumb/v7-m/nofp\libc_nano.a(libc_a-mallocr.o)
 .ARM.attributes
                0x00000476       0x2d E:/STM32CubeIDE_1.18.1/STM32CubeIDE/plugins/com.st.stm32cube.ide.mcu.externaltools.gnu-tools-for-stm32.13.3.rel1.win32_1.0.0.202411081344/tools/bin/../lib/gcc/arm-none-eabi/13.3.1/../../../../arm-none-eabi/lib/thumb/v7-m/nofp\libc_nano.a(libc_a-mlock.o)
 .ARM.attributes
                0x000004a3       0x2d E:/STM32CubeIDE_1.18.1/STM32CubeIDE/plugins/com.st.stm32cube.ide.mcu.externaltools.gnu-tools-for-stm32.13.3.rel1.win32_1.0.0.202411081344/tools/bin/../lib/gcc/arm-none-eabi/13.3.1/../../../../arm-none-eabi/lib/thumb/v7-m/nofp\libc_nano.a(libc_a-findfp.o)
 .ARM.attributes
                0x000004d0       0x2d E:/STM32CubeIDE_1.18.1/STM32CubeIDE/plugins/com.st.stm32cube.ide.mcu.externaltools.gnu-tools-for-stm32.13.3.rel1.win32_1.0.0.202411081344/tools/bin/../lib/gcc/arm-none-eabi/13.3.1/../../../../arm-none-eabi/lib/thumb/v7-m/nofp\libc_nano.a(libc_a-sprintf.o)
 .ARM.attributes
                0x000004fd       0x2d E:/STM32CubeIDE_1.18.1/STM32CubeIDE/plugins/com.st.stm32cube.ide.mcu.externaltools.gnu-tools-for-stm32.13.3.rel1.win32_1.0.0.202411081344/tools/bin/../lib/gcc/arm-none-eabi/13.3.1/../../../../arm-none-eabi/lib/thumb/v7-m/nofp\libc_nano.a(libc_a-sscanf.o)
 .ARM.attributes
                0x0000052a       0x2d E:/STM32CubeIDE_1.18.1/STM32CubeIDE/plugins/com.st.stm32cube.ide.mcu.externaltools.gnu-tools-for-stm32.13.3.rel1.win32_1.0.0.202411081344/tools/bin/../lib/gcc/arm-none-eabi/13.3.1/../../../../arm-none-eabi/lib/thumb/v7-m/nofp\libc_nano.a(libc_a-stdio.o)
 .ARM.attributes
                0x00000557       0x2d E:/STM32CubeIDE_1.18.1/STM32CubeIDE/plugins/com.st.stm32cube.ide.mcu.externaltools.gnu-tools-for-stm32.13.3.rel1.win32_1.0.0.202411081344/tools/bin/../lib/gcc/arm-none-eabi/13.3.1/../../../../arm-none-eabi/lib/thumb/v7-m/nofp\libc_nano.a(libc_a-memset.o)
 .ARM.attributes
                0x00000584       0x2d E:/STM32CubeIDE_1.18.1/STM32CubeIDE/plugins/com.st.stm32cube.ide.mcu.externaltools.gnu-tools-for-stm32.13.3.rel1.win32_1.0.0.202411081344/tools/bin/../lib/gcc/arm-none-eabi/13.3.1/../../../../arm-none-eabi/lib/thumb/v7-m/nofp\libc_nano.a(libc_a-strstr.o)
 .ARM.attributes
                0x000005b1       0x2d E:/STM32CubeIDE_1.18.1/STM32CubeIDE/plugins/com.st.stm32cube.ide.mcu.externaltools.gnu-tools-for-stm32.13.3.rel1.win32_1.0.0.202411081344/tools/bin/../lib/gcc/arm-none-eabi/13.3.1/../../../../arm-none-eabi/lib/thumb/v7-m/nofp\libc_nano.a(libc_a-reent.o)
 .ARM.attributes
                0x000005de       0x2d E:/STM32CubeIDE_1.18.1/STM32CubeIDE/plugins/com.st.stm32cube.ide.mcu.externaltools.gnu-tools-for-stm32.13.3.rel1.win32_1.0.0.202411081344/tools/bin/../lib/gcc/arm-none-eabi/13.3.1/../../../../arm-none-eabi/lib/thumb/v7-m/nofp\libc_nano.a(libc_a-impure.o)
 .ARM.attributes
                0x0000060b       0x2d E:/STM32CubeIDE_1.18.1/STM32CubeIDE/plugins/com.st.stm32cube.ide.mcu.externaltools.gnu-tools-for-stm32.13.3.rel1.win32_1.0.0.202411081344/tools/bin/../lib/gcc/arm-none-eabi/13.3.1/../../../../arm-none-eabi/lib/thumb/v7-m/nofp\libc_nano.a(libc_a-sbrkr.o)
 .ARM.attributes
                0x00000638       0x2d E:/STM32CubeIDE_1.18.1/STM32CubeIDE/plugins/com.st.stm32cube.ide.mcu.externaltools.gnu-tools-for-stm32.13.3.rel1.win32_1.0.0.202411081344/tools/bin/../lib/gcc/arm-none-eabi/13.3.1/../../../../arm-none-eabi/lib/thumb/v7-m/nofp\libc_nano.a(libc_a-errno.o)
 .ARM.attributes
                0x00000665       0x2d E:/STM32CubeIDE_1.18.1/STM32CubeIDE/plugins/com.st.stm32cube.ide.mcu.externaltools.gnu-tools-for-stm32.13.3.rel1.win32_1.0.0.202411081344/tools/bin/../lib/gcc/arm-none-eabi/13.3.1/../../../../arm-none-eabi/lib/thumb/v7-m/nofp\libc_nano.a(libc_a-init.o)
 .ARM.attributes
                0x00000692       0x2d E:/STM32CubeIDE_1.18.1/STM32CubeIDE/plugins/com.st.stm32cube.ide.mcu.externaltools.gnu-tools-for-stm32.13.3.rel1.win32_1.0.0.202411081344/tools/bin/../lib/gcc/arm-none-eabi/13.3.1/../../../../arm-none-eabi/lib/thumb/v7-m/nofp\libc_nano.a(libc_a-lock.o)
 .ARM.attributes
                0x000006bf       0x17 E:/STM32CubeIDE_1.18.1/STM32CubeIDE/plugins/com.st.stm32cube.ide.mcu.externaltools.gnu-tools-for-stm32.13.3.rel1.win32_1.0.0.202411081344/tools/bin/../lib/gcc/arm-none-eabi/13.3.1/../../../../arm-none-eabi/lib/thumb/v7-m/nofp\libc_nano.a(libc_a-strlen.o)
 .ARM.attributes
                0x000006d6       0x2d E:/STM32CubeIDE_1.18.1/STM32CubeIDE/plugins/com.st.stm32cube.ide.mcu.externaltools.gnu-tools-for-stm32.13.3.rel1.win32_1.0.0.202411081344/tools/bin/../lib/gcc/arm-none-eabi/13.3.1/../../../../arm-none-eabi/lib/thumb/v7-m/nofp\libc_nano.a(libc_a-freer.o)
 .ARM.attributes
                0x00000703       0x2d E:/STM32CubeIDE_1.18.1/STM32CubeIDE/plugins/com.st.stm32cube.ide.mcu.externaltools.gnu-tools-for-stm32.13.3.rel1.win32_1.0.0.202411081344/tools/bin/../lib/gcc/arm-none-eabi/13.3.1/../../../../arm-none-eabi/lib/thumb/v7-m/nofp\libc_nano.a(libc_a-nano-svfprintf.o)
 .ARM.attributes
                0x00000730       0x2d E:/STM32CubeIDE_1.18.1/STM32CubeIDE/plugins/com.st.stm32cube.ide.mcu.externaltools.gnu-tools-for-stm32.13.3.rel1.win32_1.0.0.202411081344/tools/bin/../lib/gcc/arm-none-eabi/13.3.1/../../../../arm-none-eabi/lib/thumb/v7-m/nofp\libc_nano.a(libc_a-nano-svfscanf.o)
 .ARM.attributes
                0x0000075d       0x2d E:/STM32CubeIDE_1.18.1/STM32CubeIDE/plugins/com.st.stm32cube.ide.mcu.externaltools.gnu-tools-for-stm32.13.3.rel1.win32_1.0.0.202411081344/tools/bin/../lib/gcc/arm-none-eabi/13.3.1/../../../../arm-none-eabi/lib/thumb/v7-m/nofp\libc_nano.a(libc_a-nano-vfprintf_i.o)
 .ARM.attributes
                0x0000078a       0x2d E:/STM32CubeIDE_1.18.1/STM32CubeIDE/plugins/com.st.stm32cube.ide.mcu.externaltools.gnu-tools-for-stm32.13.3.rel1.win32_1.0.0.202411081344/tools/bin/../lib/gcc/arm-none-eabi/13.3.1/../../../../arm-none-eabi/lib/thumb/v7-m/nofp\libc_nano.a(libc_a-nano-vfscanf_i.o)
 .ARM.attributes
                0x000007b7       0x2d E:/STM32CubeIDE_1.18.1/STM32CubeIDE/plugins/com.st.stm32cube.ide.mcu.externaltools.gnu-tools-for-stm32.13.3.rel1.win32_1.0.0.202411081344/tools/bin/../lib/gcc/arm-none-eabi/13.3.1/../../../../arm-none-eabi/lib/thumb/v7-m/nofp\libc_nano.a(libc_a-sccl.o)
 .ARM.attributes
                0x000007e4       0x2d E:/STM32CubeIDE_1.18.1/STM32CubeIDE/plugins/com.st.stm32cube.ide.mcu.externaltools.gnu-tools-for-stm32.13.3.rel1.win32_1.0.0.202411081344/tools/bin/../lib/gcc/arm-none-eabi/13.3.1/../../../../arm-none-eabi/lib/thumb/v7-m/nofp\libc_nano.a(libc_a-ungetc.o)
 .ARM.attributes
                0x00000811       0x2d E:/STM32CubeIDE_1.18.1/STM32CubeIDE/plugins/com.st.stm32cube.ide.mcu.externaltools.gnu-tools-for-stm32.13.3.rel1.win32_1.0.0.202411081344/tools/bin/../lib/gcc/arm-none-eabi/13.3.1/../../../../arm-none-eabi/lib/thumb/v7-m/nofp\libc_nano.a(libc_a-memmove.o)
 .ARM.attributes
                0x0000083e       0x2d E:/STM32CubeIDE_1.18.1/STM32CubeIDE/plugins/com.st.stm32cube.ide.mcu.externaltools.gnu-tools-for-stm32.13.3.rel1.win32_1.0.0.202411081344/tools/bin/../lib/gcc/arm-none-eabi/13.3.1/../../../../arm-none-eabi/lib/thumb/v7-m/nofp\libc_nano.a(libc_a-memchr-stub.o)
 .ARM.attributes
                0x0000086b       0x2d E:/STM32CubeIDE_1.18.1/STM32CubeIDE/plugins/com.st.stm32cube.ide.mcu.externaltools.gnu-tools-for-stm32.13.3.rel1.win32_1.0.0.202411081344/tools/bin/../lib/gcc/arm-none-eabi/13.3.1/../../../../arm-none-eabi/lib/thumb/v7-m/nofp\libc_nano.a(libc_a-memcpy-stub.o)
 .ARM.attributes
                0x00000898       0x2d E:/STM32CubeIDE_1.18.1/STM32CubeIDE/plugins/com.st.stm32cube.ide.mcu.externaltools.gnu-tools-for-stm32.13.3.rel1.win32_1.0.0.202411081344/tools/bin/../lib/gcc/arm-none-eabi/13.3.1/../../../../arm-none-eabi/lib/thumb/v7-m/nofp\libc_nano.a(libc_a-reallocr.o)
 .ARM.attributes
                0x000008c5       0x2d E:/STM32CubeIDE_1.18.1/STM32CubeIDE/plugins/com.st.stm32cube.ide.mcu.externaltools.gnu-tools-for-stm32.13.3.rel1.win32_1.0.0.202411081344/tools/bin/../lib/gcc/arm-none-eabi/13.3.1/../../../../arm-none-eabi/lib/thumb/v7-m/nofp\libc_nano.a(libc_a-strtol.o)
 .ARM.attributes
                0x000008f2       0x2d E:/STM32CubeIDE_1.18.1/STM32CubeIDE/plugins/com.st.stm32cube.ide.mcu.externaltools.gnu-tools-for-stm32.13.3.rel1.win32_1.0.0.202411081344/tools/bin/../lib/gcc/arm-none-eabi/13.3.1/../../../../arm-none-eabi/lib/thumb/v7-m/nofp\libc_nano.a(libc_a-strtoul.o)
 .ARM.attributes
                0x0000091f       0x2d E:/STM32CubeIDE_1.18.1/STM32CubeIDE/plugins/com.st.stm32cube.ide.mcu.externaltools.gnu-tools-for-stm32.13.3.rel1.win32_1.0.0.202411081344/tools/bin/../lib/gcc/arm-none-eabi/13.3.1/../../../../arm-none-eabi/lib/thumb/v7-m/nofp\libc_nano.a(libc_a-ctype_.o)
 .ARM.attributes
                0x0000094c       0x2d E:/STM32CubeIDE_1.18.1/STM32CubeIDE/plugins/com.st.stm32cube.ide.mcu.externaltools.gnu-tools-for-stm32.13.3.rel1.win32_1.0.0.202411081344/tools/bin/../lib/gcc/arm-none-eabi/13.3.1/../../../../arm-none-eabi/lib/thumb/v7-m/nofp\libc_nano.a(libc_a-msizer.o)
 .ARM.attributes
                0x00000979       0x2d E:/STM32CubeIDE_1.18.1/STM32CubeIDE/plugins/com.st.stm32cube.ide.mcu.externaltools.gnu-tools-for-stm32.13.3.rel1.win32_1.0.0.202411081344/tools/bin/../lib/gcc/arm-none-eabi/13.3.1/../../../../arm-none-eabi/lib/thumb/v7-m/nofp\libm.a(libm_a-sf_sin.o)
 .ARM.attributes
                0x000009a6       0x2d E:/STM32CubeIDE_1.18.1/STM32CubeIDE/plugins/com.st.stm32cube.ide.mcu.externaltools.gnu-tools-for-stm32.13.3.rel1.win32_1.0.0.202411081344/tools/bin/../lib/gcc/arm-none-eabi/13.3.1/../../../../arm-none-eabi/lib/thumb/v7-m/nofp\libm.a(libm_a-kf_cos.o)
 .ARM.attributes
                0x000009d3       0x2d E:/STM32CubeIDE_1.18.1/STM32CubeIDE/plugins/com.st.stm32cube.ide.mcu.externaltools.gnu-tools-for-stm32.13.3.rel1.win32_1.0.0.202411081344/tools/bin/../lib/gcc/arm-none-eabi/13.3.1/../../../../arm-none-eabi/lib/thumb/v7-m/nofp\libm.a(libm_a-kf_sin.o)
 .ARM.attributes
                0x00000a00       0x2d E:/STM32CubeIDE_1.18.1/STM32CubeIDE/plugins/com.st.stm32cube.ide.mcu.externaltools.gnu-tools-for-stm32.13.3.rel1.win32_1.0.0.202411081344/tools/bin/../lib/gcc/arm-none-eabi/13.3.1/../../../../arm-none-eabi/lib/thumb/v7-m/nofp\libm.a(libm_a-ef_rem_pio2.o)
 .ARM.attributes
                0x00000a2d       0x2d E:/STM32CubeIDE_1.18.1/STM32CubeIDE/plugins/com.st.stm32cube.ide.mcu.externaltools.gnu-tools-for-stm32.13.3.rel1.win32_1.0.0.202411081344/tools/bin/../lib/gcc/arm-none-eabi/13.3.1/../../../../arm-none-eabi/lib/thumb/v7-m/nofp\libm.a(libm_a-sf_fabs.o)
 .ARM.attributes
                0x00000a5a       0x2d E:/STM32CubeIDE_1.18.1/STM32CubeIDE/plugins/com.st.stm32cube.ide.mcu.externaltools.gnu-tools-for-stm32.13.3.rel1.win32_1.0.0.202411081344/tools/bin/../lib/gcc/arm-none-eabi/13.3.1/../../../../arm-none-eabi/lib/thumb/v7-m/nofp\libm.a(libm_a-kf_rem_pio2.o)
 .ARM.attributes
                0x00000a87       0x2d E:/STM32CubeIDE_1.18.1/STM32CubeIDE/plugins/com.st.stm32cube.ide.mcu.externaltools.gnu-tools-for-stm32.13.3.rel1.win32_1.0.0.202411081344/tools/bin/../lib/gcc/arm-none-eabi/13.3.1/../../../../arm-none-eabi/lib/thumb/v7-m/nofp\libm.a(libm_a-sf_scalbn.o)
 .ARM.attributes
                0x00000ab4       0x2d E:/STM32CubeIDE_1.18.1/STM32CubeIDE/plugins/com.st.stm32cube.ide.mcu.externaltools.gnu-tools-for-stm32.13.3.rel1.win32_1.0.0.202411081344/tools/bin/../lib/gcc/arm-none-eabi/13.3.1/../../../../arm-none-eabi/lib/thumb/v7-m/nofp\libm.a(libm_a-sf_floor.o)
 .ARM.attributes
                0x00000ae1       0x1d E:/STM32CubeIDE_1.18.1/STM32CubeIDE/plugins/com.st.stm32cube.ide.mcu.externaltools.gnu-tools-for-stm32.13.3.rel1.win32_1.0.0.202411081344/tools/bin/../lib/gcc/arm-none-eabi/13.3.1/thumb/v7-m/nofp\libgcc.a(_arm_addsubdf3.o)
 .ARM.attributes
                0x00000afe       0x1d E:/STM32CubeIDE_1.18.1/STM32CubeIDE/plugins/com.st.stm32cube.ide.mcu.externaltools.gnu-tools-for-stm32.13.3.rel1.win32_1.0.0.202411081344/tools/bin/../lib/gcc/arm-none-eabi/13.3.1/thumb/v7-m/nofp\libgcc.a(_arm_addsubsf3.o)
 .ARM.attributes
                0x00000b1b       0x1d E:/STM32CubeIDE_1.18.1/STM32CubeIDE/plugins/com.st.stm32cube.ide.mcu.externaltools.gnu-tools-for-stm32.13.3.rel1.win32_1.0.0.202411081344/tools/bin/../lib/gcc/arm-none-eabi/13.3.1/thumb/v7-m/nofp\libgcc.a(_arm_muldivsf3.o)
 .ARM.attributes
                0x00000b38       0x1d E:/STM32CubeIDE_1.18.1/STM32CubeIDE/plugins/com.st.stm32cube.ide.mcu.externaltools.gnu-tools-for-stm32.13.3.rel1.win32_1.0.0.202411081344/tools/bin/../lib/gcc/arm-none-eabi/13.3.1/thumb/v7-m/nofp\libgcc.a(_arm_cmpsf2.o)
 .ARM.attributes
                0x00000b55       0x1d E:/STM32CubeIDE_1.18.1/STM32CubeIDE/plugins/com.st.stm32cube.ide.mcu.externaltools.gnu-tools-for-stm32.13.3.rel1.win32_1.0.0.202411081344/tools/bin/../lib/gcc/arm-none-eabi/13.3.1/thumb/v7-m/nofp\libgcc.a(_arm_fixsfsi.o)
 .ARM.attributes
                0x00000b72       0x1d E:/STM32CubeIDE_1.18.1/STM32CubeIDE/plugins/com.st.stm32cube.ide.mcu.externaltools.gnu-tools-for-stm32.13.3.rel1.win32_1.0.0.202411081344/tools/bin/../lib/gcc/arm-none-eabi/13.3.1/thumb/v7-m/nofp\libgcc.a(_arm_fixunssfsi.o)
 .ARM.attributes
                0x00000b8f       0x1d E:/STM32CubeIDE_1.18.1/STM32CubeIDE/plugins/com.st.stm32cube.ide.mcu.externaltools.gnu-tools-for-stm32.13.3.rel1.win32_1.0.0.202411081344/tools/bin/../lib/gcc/arm-none-eabi/13.3.1/thumb/v7-m/nofp/crtn.o
OUTPUT(shiboqi.elf elf32-littlearm)
LOAD linker stubs
LOAD E:/STM32CubeIDE_1.18.1/STM32CubeIDE/plugins/com.st.stm32cube.ide.mcu.externaltools.gnu-tools-for-stm32.13.3.rel1.win32_1.0.0.202411081344/tools/bin/../lib/gcc/arm-none-eabi/13.3.1/../../../../arm-none-eabi/lib/thumb/v7-m/nofp\libc.a
LOAD E:/STM32CubeIDE_1.18.1/STM32CubeIDE/plugins/com.st.stm32cube.ide.mcu.externaltools.gnu-tools-for-stm32.13.3.rel1.win32_1.0.0.202411081344/tools/bin/../lib/gcc/arm-none-eabi/13.3.1/../../../../arm-none-eabi/lib/thumb/v7-m/nofp\libm.a
LOAD E:/STM32CubeIDE_1.18.1/STM32CubeIDE/plugins/com.st.stm32cube.ide.mcu.externaltools.gnu-tools-for-stm32.13.3.rel1.win32_1.0.0.202411081344/tools/bin/../lib/gcc/arm-none-eabi/13.3.1/thumb/v7-m/nofp\libgcc.a

.debug_info     0x00000000     0xd849
 .debug_info    0x00000000     0x1817 ./Core/Src/TFTc/TFT_CAD.o
 .debug_info    0x00001817      0x7a7 ./Core/Src/TFTc/TFT_init.o
 .debug_info    0x00001fbe      0xd27 ./Core/Src/TFTc/TFT_io.o
 .debug_info    0x00002ce5      0x9fb ./Core/Src/TFTc/TFT_text.o
 .debug_info    0x000036e0      0x346 ./Core/Src/TFTc/font.o
 .debug_info    0x00003a26      0x2cf ./Core/Src/dma.o
 .debug_info    0x00003cf5      0x2d3 ./Core/Src/gpio.o
 .debug_info    0x00003fc8     0x1225 ./Core/Src/main.o
 .debug_info    0x000051ed      0x85f ./Core/Src/spi.o
 .debug_info    0x00005a4c      0x1f1 ./Core/Src/stm32f1xx_hal_msp.o
 .debug_info    0x00005c3d      0x631 ./Core/Src/stm32f1xx_it.o
 .debug_info    0x0000626e      0x168 ./Core/Src/sysmem.o
 .debug_info    0x000063d6      0x222 ./Core/Src/system_stm32f1xx.o
 .debug_info    0x000065f8      0x92a ./Core/Src/usart.o
 .debug_info    0x00006f22       0x30 ./Core/Startup/startup_stm32f103c8tx.o
 .debug_info    0x00006f52      0x704 ./Drivers/STM32F1xx_HAL_Driver/Src/stm32f1xx_hal.o
 .debug_info    0x00007656      0xa87 ./Drivers/STM32F1xx_HAL_Driver/Src/stm32f1xx_hal_cortex.o
 .debug_info    0x000080dd      0x6d2 ./Drivers/STM32F1xx_HAL_Driver/Src/stm32f1xx_hal_dma.o
 .debug_info    0x000087af      0x5ab ./Drivers/STM32F1xx_HAL_Driver/Src/stm32f1xx_hal_gpio.o
 .debug_info    0x00008d5a      0x7d5 ./Drivers/STM32F1xx_HAL_Driver/Src/stm32f1xx_hal_rcc.o
 .debug_info    0x0000952f     0x142d ./Drivers/STM32F1xx_HAL_Driver/Src/stm32f1xx_hal_spi.o
 .debug_info    0x0000a95c     0x2eed ./Drivers/STM32F1xx_HAL_Driver/Src/stm32f1xx_hal_uart.o

.debug_abbrev   0x00000000     0x280b
 .debug_abbrev  0x00000000      0x24d ./Core/Src/TFTc/TFT_CAD.o
 .debug_abbrev  0x0000024d      0x19f ./Core/Src/TFTc/TFT_init.o
 .debug_abbrev  0x000003ec      0x2f1 ./Core/Src/TFTc/TFT_io.o
 .debug_abbrev  0x000006dd      0x1cc ./Core/Src/TFTc/TFT_text.o
 .debug_abbrev  0x000008a9       0xf9 ./Core/Src/TFTc/font.o
 .debug_abbrev  0x000009a2       0xfc ./Core/Src/dma.o
 .debug_abbrev  0x00000a9e      0x13f ./Core/Src/gpio.o
 .debug_abbrev  0x00000bdd      0x2c1 ./Core/Src/main.o
 .debug_abbrev  0x00000e9e      0x203 ./Core/Src/spi.o
 .debug_abbrev  0x000010a1       0xdb ./Core/Src/stm32f1xx_hal_msp.o
 .debug_abbrev  0x0000117c      0x178 ./Core/Src/stm32f1xx_it.o
 .debug_abbrev  0x000012f4       0xbc ./Core/Src/sysmem.o
 .debug_abbrev  0x000013b0      0x13f ./Core/Src/system_stm32f1xx.o
 .debug_abbrev  0x000014ef      0x205 ./Core/Src/usart.o
 .debug_abbrev  0x000016f4       0x24 ./Core/Startup/startup_stm32f103c8tx.o
 .debug_abbrev  0x00001718      0x201 ./Drivers/STM32F1xx_HAL_Driver/Src/stm32f1xx_hal.o
 .debug_abbrev  0x00001919      0x2f8 ./Drivers/STM32F1xx_HAL_Driver/Src/stm32f1xx_hal_cortex.o
 .debug_abbrev  0x00001c11      0x20b ./Drivers/STM32F1xx_HAL_Driver/Src/stm32f1xx_hal_dma.o
 .debug_abbrev  0x00001e1c      0x1ca ./Drivers/STM32F1xx_HAL_Driver/Src/stm32f1xx_hal_gpio.o
 .debug_abbrev  0x00001fe6      0x2b3 ./Drivers/STM32F1xx_HAL_Driver/Src/stm32f1xx_hal_rcc.o
 .debug_abbrev  0x00002299      0x27a ./Drivers/STM32F1xx_HAL_Driver/Src/stm32f1xx_hal_spi.o
 .debug_abbrev  0x00002513      0x2f8 ./Drivers/STM32F1xx_HAL_Driver/Src/stm32f1xx_hal_uart.o

.debug_aranges  0x00000000      0xb20
 .debug_aranges
                0x00000000       0xc8 ./Core/Src/TFTc/TFT_CAD.o
 .debug_aranges
                0x000000c8       0x30 ./Core/Src/TFTc/TFT_init.o
 .debug_aranges
                0x000000f8       0xc8 ./Core/Src/TFTc/TFT_io.o
 .debug_aranges
                0x000001c0       0x30 ./Core/Src/TFTc/TFT_text.o
 .debug_aranges
                0x000001f0       0x18 ./Core/Src/TFTc/font.o
 .debug_aranges
                0x00000208       0x20 ./Core/Src/dma.o
 .debug_aranges
                0x00000228       0x20 ./Core/Src/gpio.o
 .debug_aranges
                0x00000248       0x48 ./Core/Src/main.o
 .debug_aranges
                0x00000290       0x38 ./Core/Src/spi.o
 .debug_aranges
                0x000002c8       0x20 ./Core/Src/stm32f1xx_hal_msp.o
 .debug_aranges
                0x000002e8       0x78 ./Core/Src/stm32f1xx_it.o
 .debug_aranges
                0x00000360       0x20 ./Core/Src/sysmem.o
 .debug_aranges
                0x00000380       0x28 ./Core/Src/system_stm32f1xx.o
 .debug_aranges
                0x000003a8       0x30 ./Core/Src/usart.o
 .debug_aranges
                0x000003d8       0x28 ./Core/Startup/startup_stm32f103c8tx.o
 .debug_aranges
                0x00000400       0xe0 ./Drivers/STM32F1xx_HAL_Driver/Src/stm32f1xx_hal.o
 .debug_aranges
                0x000004e0      0x100 ./Drivers/STM32F1xx_HAL_Driver/Src/stm32f1xx_hal_cortex.o
 .debug_aranges
                0x000005e0       0x80 ./Drivers/STM32F1xx_HAL_Driver/Src/stm32f1xx_hal_dma.o
 .debug_aranges
                0x00000660       0x58 ./Drivers/STM32F1xx_HAL_Driver/Src/stm32f1xx_hal_gpio.o
 .debug_aranges
                0x000006b8       0x90 ./Drivers/STM32F1xx_HAL_Driver/Src/stm32f1xx_hal_rcc.o
 .debug_aranges
                0x00000748      0x1d0 ./Drivers/STM32F1xx_HAL_Driver/Src/stm32f1xx_hal_spi.o
 .debug_aranges
                0x00000918      0x208 ./Drivers/STM32F1xx_HAL_Driver/Src/stm32f1xx_hal_uart.o

.debug_rnglists
                0x00000000      0x893
 .debug_rnglists
                0x00000000       0xa2 ./Core/Src/TFTc/TFT_CAD.o
 .debug_rnglists
                0x000000a2       0x21 ./Core/Src/TFTc/TFT_init.o
 .debug_rnglists
                0x000000c3       0xab ./Core/Src/TFTc/TFT_io.o
 .debug_rnglists
                0x0000016e       0x2e ./Core/Src/TFTc/TFT_text.o
 .debug_rnglists
                0x0000019c       0x13 ./Core/Src/dma.o
 .debug_rnglists
                0x000001af       0x14 ./Core/Src/gpio.o
 .debug_rnglists
                0x000001c3       0x45 ./Core/Src/main.o
 .debug_rnglists
                0x00000208       0x26 ./Core/Src/spi.o
 .debug_rnglists
                0x0000022e       0x13 ./Core/Src/stm32f1xx_hal_msp.o
 .debug_rnglists
                0x00000241       0x55 ./Core/Src/stm32f1xx_it.o
 .debug_rnglists
                0x00000296       0x13 ./Core/Src/sysmem.o
 .debug_rnglists
                0x000002a9       0x1a ./Core/Src/system_stm32f1xx.o
 .debug_rnglists
                0x000002c3       0x20 ./Core/Src/usart.o
 .debug_rnglists
                0x000002e3       0x19 ./Core/Startup/startup_stm32f103c8tx.o
 .debug_rnglists
                0x000002fc       0xa3 ./Drivers/STM32F1xx_HAL_Driver/Src/stm32f1xx_hal.o
 .debug_rnglists
                0x0000039f       0xbb ./Drivers/STM32F1xx_HAL_Driver/Src/stm32f1xx_hal_cortex.o
 .debug_rnglists
                0x0000045a       0x64 ./Drivers/STM32F1xx_HAL_Driver/Src/stm32f1xx_hal_dma.o
 .debug_rnglists
                0x000004be       0x3f ./Drivers/STM32F1xx_HAL_Driver/Src/stm32f1xx_hal_gpio.o
 .debug_rnglists
                0x000004fd       0x6c ./Drivers/STM32F1xx_HAL_Driver/Src/stm32f1xx_hal_rcc.o
 .debug_rnglists
                0x00000569      0x16e ./Drivers/STM32F1xx_HAL_Driver/Src/stm32f1xx_hal_spi.o
 .debug_rnglists
                0x000006d7      0x1bc ./Drivers/STM32F1xx_HAL_Driver/Src/stm32f1xx_hal_uart.o

.debug_macro    0x00000000    0x186b3
 .debug_macro   0x00000000      0x2b7 ./Core/Src/TFTc/TFT_CAD.o
 .debug_macro   0x000002b7      0xacc ./Core/Src/TFTc/TFT_CAD.o
 .debug_macro   0x00000d83       0x22 ./Core/Src/TFTc/TFT_CAD.o
 .debug_macro   0x00000da5       0x8e ./Core/Src/TFTc/TFT_CAD.o
 .debug_macro   0x00000e33       0x51 ./Core/Src/TFTc/TFT_CAD.o
 .debug_macro   0x00000e84      0x103 ./Core/Src/TFTc/TFT_CAD.o
 .debug_macro   0x00000f87       0x6a ./Core/Src/TFTc/TFT_CAD.o
 .debug_macro   0x00000ff1      0x1df ./Core/Src/TFTc/TFT_CAD.o
 .debug_macro   0x000011d0      0x221 ./Core/Src/TFTc/TFT_CAD.o
 .debug_macro   0x000013f1       0x2e ./Core/Src/TFTc/TFT_CAD.o
 .debug_macro   0x0000141f       0x22 ./Core/Src/TFTc/TFT_CAD.o
 .debug_macro   0x00001441       0x1c ./Core/Src/TFTc/TFT_CAD.o
 .debug_macro   0x0000145d       0x22 ./Core/Src/TFTc/TFT_CAD.o
 .debug_macro   0x0000147f       0xbd ./Core/Src/TFTc/TFT_CAD.o
 .debug_macro   0x0000153c      0xd23 ./Core/Src/TFTc/TFT_CAD.o
 .debug_macro   0x0000225f     0xe09e ./Core/Src/TFTc/TFT_CAD.o
 .debug_macro   0x000102fd       0x6d ./Core/Src/TFTc/TFT_CAD.o
 .debug_macro   0x0001036a     0x34a2 ./Core/Src/TFTc/TFT_CAD.o
 .debug_macro   0x0001380c      0x190 ./Core/Src/TFTc/TFT_CAD.o
 .debug_macro   0x0001399c       0x5c ./Core/Src/TFTc/TFT_CAD.o
 .debug_macro   0x000139f8      0x5bc ./Core/Src/TFTc/TFT_CAD.o
 .debug_macro   0x00013fb4      0x289 ./Core/Src/TFTc/TFT_CAD.o
 .debug_macro   0x0001423d      0x1cb ./Core/Src/TFTc/TFT_CAD.o
 .debug_macro   0x00014408      0x114 ./Core/Src/TFTc/TFT_CAD.o
 .debug_macro   0x0001451c      0x1b2 ./Core/Src/TFTc/TFT_CAD.o
 .debug_macro   0x000146ce       0x27 ./Core/Src/TFTc/TFT_CAD.o
 .debug_macro   0x000146f5      0x136 ./Core/Src/TFTc/TFT_CAD.o
 .debug_macro   0x0001482b      0x1bc ./Core/Src/TFTc/TFT_CAD.o
 .debug_macro   0x000149e7       0x34 ./Core/Src/TFTc/TFT_CAD.o
 .debug_macro   0x00014a1b       0x3c ./Core/Src/TFTc/TFT_CAD.o
 .debug_macro   0x00014a57       0x57 ./Core/Src/TFTc/TFT_CAD.o
 .debug_macro   0x00014aae       0x87 ./Core/Src/TFTc/TFT_CAD.o
 .debug_macro   0x00014b35      0x240 ./Core/Src/TFTc/TFT_CAD.o
 .debug_macro   0x00014d75      0x140 ./Core/Src/TFTc/TFT_CAD.o
 .debug_macro   0x00014eb5      0x217 ./Core/Src/TFTc/TFT_CAD.o
 .debug_macro   0x000150cc      0x28e ./Core/Src/TFTc/TFT_CAD.o
 .debug_macro   0x0001535a       0x83 ./Core/Src/TFTc/TFT_CAD.o
 .debug_macro   0x000153dd       0x70 ./Core/Src/TFTc/TFT_CAD.o
 .debug_macro   0x0001544d       0x8e ./Core/Src/TFTc/TFT_CAD.o
 .debug_macro   0x000154db       0x24 ./Core/Src/TFTc/TFT_CAD.o
 .debug_macro   0x000154ff       0x61 ./Core/Src/TFTc/TFT_CAD.o
 .debug_macro   0x00015560       0x43 ./Core/Src/TFTc/TFT_CAD.o
 .debug_macro   0x000155a3       0x34 ./Core/Src/TFTc/TFT_CAD.o
 .debug_macro   0x000155d7       0x16 ./Core/Src/TFTc/TFT_CAD.o
 .debug_macro   0x000155ed       0x3c ./Core/Src/TFTc/TFT_CAD.o
 .debug_macro   0x00015629      0x370 ./Core/Src/TFTc/TFT_CAD.o
 .debug_macro   0x00015999       0x16 ./Core/Src/TFTc/TFT_CAD.o
 .debug_macro   0x000159af       0x4a ./Core/Src/TFTc/TFT_CAD.o
 .debug_macro   0x000159f9       0x34 ./Core/Src/TFTc/TFT_CAD.o
 .debug_macro   0x00015a2d       0x10 ./Core/Src/TFTc/TFT_CAD.o
 .debug_macro   0x00015a3d       0x58 ./Core/Src/TFTc/TFT_CAD.o
 .debug_macro   0x00015a95       0x8e ./Core/Src/TFTc/TFT_CAD.o
 .debug_macro   0x00015b23       0x1c ./Core/Src/TFTc/TFT_CAD.o
 .debug_macro   0x00015b3f      0x185 ./Core/Src/TFTc/TFT_CAD.o
 .debug_macro   0x00015cc4       0x16 ./Core/Src/TFTc/TFT_CAD.o
 .debug_macro   0x00015cda       0x29 ./Core/Src/TFTc/TFT_CAD.o
 .debug_macro   0x00015d03      0x19b ./Core/Src/TFTc/TFT_CAD.o
 .debug_macro   0x00015e9e      0x1d2 ./Core/Src/TFTc/TFT_init.o
 .debug_macro   0x00016070      0x294 ./Core/Src/TFTc/TFT_io.o
 .debug_macro   0x00016304      0x2aa ./Core/Src/TFTc/TFT_text.o
 .debug_macro   0x000165ae      0x140 ./Core/Src/TFTc/font.o
 .debug_macro   0x000166ee      0x1b1 ./Core/Src/dma.o
 .debug_macro   0x0001689f      0x1b1 ./Core/Src/gpio.o
 .debug_macro   0x00016a50      0x337 ./Core/Src/main.o
 .debug_macro   0x00016d87       0x1c ./Core/Src/main.o
 .debug_macro   0x00016da3       0x10 ./Core/Src/main.o
 .debug_macro   0x00016db3       0x1c ./Core/Src/main.o
 .debug_macro   0x00016dcf       0x16 ./Core/Src/main.o
 .debug_macro   0x00016de5      0x146 ./Core/Src/main.o
 .debug_macro   0x00016f2b       0x16 ./Core/Src/main.o
 .debug_macro   0x00016f41      0x1b1 ./Core/Src/spi.o