../Core/Src/TFTc/TFT_CAD.c:28:6:TFT_Draw_Point	32	static
../Core/Src/TFTc/TFT_CAD.c:42:6:TFT_Draw_MultiPoint	48	static
../Core/Src/TFTc/TFT_CAD.c:72:6:TFT_Fill_Area	40	static
../Core/Src/TFTc/TFT_CAD.c:106:6:TFT_Draw_Fast_HLine	40	static
../Core/Src/TFTc/TFT_CAD.c:132:6:TFT_Draw_Fast_VLine	40	static
../Core/Src/TFTc/TFT_CAD.c:159:6:TFT_Draw_Line	56	static
../Core/Src/TFTc/TFT_CAD.c:239:6:TFT_Draw_Rectangle	32	static
../Core/Src/TFTc/TFT_CAD.c:257:6:TFT_Fill_Rectangle	48	static
../Core/Src/TFTc/TFT_CAD.c:286:6:TFT_Draw_Circle	112	static
../Core/Src/TFTc/TFT_CAD.c:363:6:TFT_Fill_Circle	40	static
../Core/Src/TFTc/TFT_CAD.c:423:6:TFT_Draw_Triangle	32	static
../Core/Src/TFTc/TFT_CAD.c:439:6:TFT_Fill_Triangle	80	static
../Core/Src/TFTc/TFT_CAD.c:549:6:TFT_Draw_Quarter_Circle	32	static
../Core/Src/TFTc/TFT_CAD.c:642:6:TFT_Fill_Quarter_Circle	40	static
../Core/Src/TFTc/TFT_CAD.c:720:6:TFT_Draw_Rounded_Rectangle	32	static
../Core/Src/TFTc/TFT_CAD.c:759:6:TFT_Fill_Rounded_Rectangle	40	static
../Core/Src/TFTc/TFT_CAD.c:798:6:TFT_Draw_Ellipse	104	static
../Core/Src/TFTc/TFT_CAD.c:876:6:TFT_Fill_Ellipse	56	static
../Core/Src/TFTc/TFT_CAD.c:929:6:TFT_Draw_Bezier2	72	static
../Core/Src/TFTc/TFT_CAD.c:971:6:TFT_Draw_Polygon	48	static
../Core/Src/TFTc/TFT_CAD.c:995:6:TFT_Fill_Polygon	336	static
../Core/Src/TFTc/TFT_CAD.c:1098:6:TFT_Draw_Arc	64	static
